// Vitest Snapshot v1, https://vitest.dev/guide/snapshot.html

exports[`Seats > should correspond default layout 1`] = `
<div>
  <div
    class="_canvas_c34224"
    data-test-id="seats-container"
    style="width: 400px; height: 400px;"
  >
    <div
      class="_seat_e52c81 _regular_e52c81 _free_e52c81"
      data-test-disabled="false"
      data-test-id="seat"
      data-test-selected="false"
      style="left: 0px; top: 0px; width: 40px; height: 34px;"
    >
      <span
        class="_seatPlace_e52c81"
        data-test-id="seat-place"
      >
        1
      </span>
    </div>
    <div
      class="_seat_e52c81 _regular_e52c81 _free_e52c81"
      data-test-disabled="false"
      data-test-id="seat"
      data-test-selected="false"
      style="left: 50px; top: 0px; width: 40px; height: 34px;"
    >
      <span
        class="_seatPlace_e52c81"
        data-test-id="seat-place"
      >
        2
      </span>
    </div>
    <div
      class="_seat_e52c81 _regular_e52c81 _free_e52c81"
      data-test-disabled="false"
      data-test-id="seat"
      data-test-selected="false"
      style="left: 150px; top: 0px; width: 40px; height: 34px;"
    >
      <span
        class="_seatPlace_e52c81"
        data-test-id="seat-place"
      >
        4
      </span>
    </div>
    <div
      class="_seat_e52c81 _wheelchair_e52c81 _free_e52c81"
      data-test-disabled="false"
      data-test-id="seat"
      data-test-selected="false"
      style="left: 200px; top: 0px; width: 40px; height: 34px;"
    >
      <span
        class="_seatPlace_e52c81"
        data-test-id="seat-place"
      >
        5
      </span>
    </div>
    <div
      class="_seat_e52c81 _wheelchair_e52c81 _free_e52c81"
      data-test-disabled="false"
      data-test-id="seat"
      data-test-selected="false"
      style="left: 250px; top: 0px; width: 40px; height: 34px;"
    >
      <span
        class="_seatPlace_e52c81"
        data-test-id="seat-place"
      >
        6
      </span>
    </div>
    <div
      class="_seat_e52c81 _regular_e52c81 _free_e52c81"
      data-test-disabled="false"
      data-test-id="seat"
      data-test-selected="false"
      style="left: 300px; top: 0px; width: 40px; height: 34px;"
    >
      <span
        class="_seatPlace_e52c81"
        data-test-id="seat-place"
      >
        7
      </span>
    </div>
    <div
      class="_seat_e52c81 _regular_e52c81 _free_e52c81"
      data-test-disabled="false"
      data-test-id="seat"
      data-test-selected="false"
      style="left: 400px; top: 0px; width: 40px; height: 34px;"
    >
      <span
        class="_seatPlace_e52c81"
        data-test-id="seat-place"
      >
        9
      </span>
    </div>
    <div
      class="_seat_e52c81 _regular_e52c81 _free_e52c81"
      data-test-disabled="false"
      data-test-id="seat"
      data-test-selected="false"
      style="left: 450px; top: 0px; width: 40px; height: 34px;"
    >
      <span
        class="_seatPlace_e52c81"
        data-test-id="seat-place"
      >
        10
      </span>
    </div>
    <div
      class="_seat_e52c81 _regular_e52c81 _free_e52c81"
      data-test-disabled="false"
      data-test-id="seat"
      data-test-selected="false"
      style="left: 500px; top: 0px; width: 40px; height: 34px;"
    >
      <span
        class="_seatPlace_e52c81"
        data-test-id="seat-place"
      >
        11
      </span>
    </div>
    <div
      class="_seat_e52c81 _regular_e52c81 _free_e52c81"
      data-test-disabled="false"
      data-test-id="seat"
      data-test-selected="false"
      style="left: 550px; top: 0px; width: 40px; height: 34px;"
    >
      <span
        class="_seatPlace_e52c81"
        data-test-id="seat-place"
      >
        12
      </span>
    </div>
    <div
      class="_seat_e52c81 _regular_e52c81 _free_e52c81"
      data-test-disabled="false"
      data-test-id="seat"
      data-test-selected="false"
      style="left: 600px; top: 0px; width: 40px; height: 34px;"
    >
      <span
        class="_seatPlace_e52c81"
        data-test-id="seat-place"
      >
        13
      </span>
    </div>
    <div
      class="_seat_e52c81 _comfort_e52c81 _free_e52c81"
      data-test-disabled="false"
      data-test-id="seat"
      data-test-selected="false"
      style="left: 0px; top: 44px; width: 40px; height: 34px;"
    >
      <span
        class="_seatPlace_e52c81"
        data-test-id="seat-place"
      >
        1
      </span>
    </div>
    <div
      class="_seat_e52c81 _comfort_e52c81 _free_e52c81"
      data-test-disabled="false"
      data-test-id="seat"
      data-test-selected="false"
      style="left: 50px; top: 44px; width: 40px; height: 34px;"
    >
      <span
        class="_seatPlace_e52c81"
        data-test-id="seat-place"
      >
        2
      </span>
    </div>
    <div
      class="_seat_e52c81 _regular_e52c81 _free_e52c81"
      data-test-disabled="false"
      data-test-id="seat"
      data-test-selected="false"
      style="left: 150px; top: 44px; width: 40px; height: 34px;"
    >
      <span
        class="_seatPlace_e52c81"
        data-test-id="seat-place"
      >
        4
      </span>
    </div>
    <div
      class="_seat_e52c81 _regular_e52c81 _free_e52c81"
      data-test-disabled="false"
      data-test-id="seat"
      data-test-selected="false"
      style="left: 200px; top: 44px; width: 40px; height: 34px;"
    >
      <span
        class="_seatPlace_e52c81"
        data-test-id="seat-place"
      >
        5
      </span>
    </div>
    <div
      class="_seat_e52c81 _regular_e52c81 _free_e52c81"
      data-test-disabled="false"
      data-test-id="seat"
      data-test-selected="false"
      style="left: 250px; top: 44px; width: 40px; height: 34px;"
    >
      <span
        class="_seatPlace_e52c81"
        data-test-id="seat-place"
      >
        6
      </span>
    </div>
    <div
      class="_seat_e52c81 _regular_e52c81 _free_e52c81"
      data-test-disabled="false"
      data-test-id="seat"
      data-test-selected="false"
      style="left: 300px; top: 44px; width: 40px; height: 34px;"
    >
      <span
        class="_seatPlace_e52c81"
        data-test-id="seat-place"
      >
        7
      </span>
    </div>
    <div
      class="_seat_e52c81 _regular_e52c81 _free_e52c81"
      data-test-disabled="false"
      data-test-id="seat"
      data-test-selected="false"
      style="left: 400px; top: 44px; width: 40px; height: 34px;"
    >
      <span
        class="_seatPlace_e52c81"
        data-test-id="seat-place"
      >
        9
      </span>
    </div>
    <div
      class="_seat_e52c81 _regular_e52c81 _free_e52c81"
      data-test-disabled="false"
      data-test-id="seat"
      data-test-selected="false"
      style="left: 0px; top: 88px; width: 40px; height: 34px;"
    >
      <span
        class="_seatPlace_e52c81"
        data-test-id="seat-place"
      >
        1
      </span>
    </div>
    <div
      class="_seat_e52c81 _regular_e52c81 _free_e52c81"
      data-test-disabled="false"
      data-test-id="seat"
      data-test-selected="false"
      style="left: 50px; top: 88px; width: 40px; height: 34px;"
    >
      <span
        class="_seatPlace_e52c81"
        data-test-id="seat-place"
      >
        2
      </span>
    </div>
    <div
      class="_seat_e52c81 _wheelchair_e52c81 _free_e52c81"
      data-test-disabled="false"
      data-test-id="seat"
      data-test-selected="false"
      style="left: 150px; top: 88px; width: 40px; height: 34px;"
    >
      <span
        class="_seatPlace_e52c81"
        data-test-id="seat-place"
      >
        4
      </span>
    </div>
    <div
      class="_seat_e52c81 _wheelchair_e52c81 _free_e52c81"
      data-test-disabled="false"
      data-test-id="seat"
      data-test-selected="false"
      style="left: 200px; top: 88px; width: 40px; height: 34px;"
    >
      <span
        class="_seatPlace_e52c81"
        data-test-id="seat-place"
      >
        5
      </span>
    </div>
    <div
      class="_seat_e52c81 _wheelchair_e52c81 _free_e52c81"
      data-test-disabled="false"
      data-test-id="seat"
      data-test-selected="false"
      style="left: 250px; top: 88px; width: 40px; height: 34px;"
    >
      <span
        class="_seatPlace_e52c81"
        data-test-id="seat-place"
      >
        6
      </span>
    </div>
    <div
      class="_seat_e52c81 _comfort_e52c81 _free_e52c81"
      data-test-disabled="false"
      data-test-id="seat"
      data-test-selected="false"
      style="left: 300px; top: 88px; width: 40px; height: 34px;"
    >
      <span
        class="_seatPlace_e52c81"
        data-test-id="seat-place"
      >
        7
      </span>
    </div>
    <div
      class="_seat_e52c81 _wheelchair_e52c81 _free_e52c81"
      data-test-disabled="false"
      data-test-id="seat"
      data-test-selected="false"
      style="left: 400px; top: 88px; width: 40px; height: 34px;"
    >
      <span
        class="_seatPlace_e52c81"
        data-test-id="seat-place"
      >
        9
      </span>
    </div>
    <div
      class="_seat_e52c81 _regular_e52c81 _free_e52c81"
      data-test-disabled="false"
      data-test-id="seat"
      data-test-selected="false"
      style="left: 0px; top: 132px; width: 40px; height: 34px;"
    >
      <span
        class="_seatPlace_e52c81"
        data-test-id="seat-place"
      >
        1
      </span>
    </div>
    <div
      class="_seat_e52c81 _regular_e52c81 _free_e52c81"
      data-test-disabled="false"
      data-test-id="seat"
      data-test-selected="false"
      style="left: 50px; top: 132px; width: 40px; height: 34px;"
    >
      <span
        class="_seatPlace_e52c81"
        data-test-id="seat-place"
      >
        2
      </span>
    </div>
    <div
      class="_seat_e52c81 _vip_e52c81 _free_e52c81"
      data-test-disabled="false"
      data-test-id="seat"
      data-test-selected="false"
      style="left: 150px; top: 132px; width: 40px; height: 34px;"
    >
      <span
        class="_seatPlace_e52c81"
        data-test-id="seat-place"
      >
        4
      </span>
    </div>
    <div
      class="_seat_e52c81 _vip_e52c81 _free_e52c81"
      data-test-disabled="false"
      data-test-id="seat"
      data-test-selected="false"
      style="left: 200px; top: 132px; width: 40px; height: 34px;"
    >
      <span
        class="_seatPlace_e52c81"
        data-test-id="seat-place"
      >
        5
      </span>
    </div>
    <div
      class="_seat_e52c81 _vip_e52c81 _free_e52c81"
      data-test-disabled="false"
      data-test-id="seat"
      data-test-selected="false"
      style="left: 250px; top: 132px; width: 40px; height: 34px;"
    >
      <span
        class="_seatPlace_e52c81"
        data-test-id="seat-place"
      >
        6
      </span>
    </div>
    <div
      class="_seat_e52c81 _vip_e52c81 _free_e52c81"
      data-test-disabled="false"
      data-test-id="seat"
      data-test-selected="false"
      style="left: 300px; top: 132px; width: 40px; height: 34px;"
    >
      <span
        class="_seatPlace_e52c81"
        data-test-id="seat-place"
      >
        7
      </span>
    </div>
    <div
      class="_seat_e52c81 _regular_e52c81 _selected_e52c81"
      data-test-disabled="false"
      data-test-id="seat"
      data-test-selected="true"
      style="left: 400px; top: 132px; width: 40px; height: 34px;"
    >
      <span
        class="_seatPlace_e52c81"
        data-test-id="seat-place"
      >
        9
      </span>
    </div>
  </div>
</div>
`;

exports[`Seats > should support the "canvasHeight" prop 1`] = `
<div>
  <div
    class="_canvas_c34224"
    data-test-id="seats-container"
    style="width: 400px; height: 100px;"
  >
    <div
      class="_seat_e52c81 _regular_e52c81 _free_e52c81"
      data-test-disabled="false"
      data-test-id="seat"
      data-test-selected="false"
      style="left: 0px; top: 0px; width: 40px; height: 34px;"
    >
      <span
        class="_seatPlace_e52c81"
        data-test-id="seat-place"
      >
        1
      </span>
    </div>
    <div
      class="_seat_e52c81 _regular_e52c81 _free_e52c81"
      data-test-disabled="false"
      data-test-id="seat"
      data-test-selected="false"
      style="left: 50px; top: 0px; width: 40px; height: 34px;"
    >
      <span
        class="_seatPlace_e52c81"
        data-test-id="seat-place"
      >
        2
      </span>
    </div>
    <div
      class="_seat_e52c81 _regular_e52c81 _free_e52c81"
      data-test-disabled="false"
      data-test-id="seat"
      data-test-selected="false"
      style="left: 150px; top: 0px; width: 40px; height: 34px;"
    >
      <span
        class="_seatPlace_e52c81"
        data-test-id="seat-place"
      >
        4
      </span>
    </div>
    <div
      class="_seat_e52c81 _wheelchair_e52c81 _free_e52c81"
      data-test-disabled="false"
      data-test-id="seat"
      data-test-selected="false"
      style="left: 200px; top: 0px; width: 40px; height: 34px;"
    >
      <span
        class="_seatPlace_e52c81"
        data-test-id="seat-place"
      >
        5
      </span>
    </div>
    <div
      class="_seat_e52c81 _wheelchair_e52c81 _free_e52c81"
      data-test-disabled="false"
      data-test-id="seat"
      data-test-selected="false"
      style="left: 250px; top: 0px; width: 40px; height: 34px;"
    >
      <span
        class="_seatPlace_e52c81"
        data-test-id="seat-place"
      >
        6
      </span>
    </div>
    <div
      class="_seat_e52c81 _regular_e52c81 _free_e52c81"
      data-test-disabled="false"
      data-test-id="seat"
      data-test-selected="false"
      style="left: 300px; top: 0px; width: 40px; height: 34px;"
    >
      <span
        class="_seatPlace_e52c81"
        data-test-id="seat-place"
      >
        7
      </span>
    </div>
    <div
      class="_seat_e52c81 _regular_e52c81 _free_e52c81"
      data-test-disabled="false"
      data-test-id="seat"
      data-test-selected="false"
      style="left: 400px; top: 0px; width: 40px; height: 34px;"
    >
      <span
        class="_seatPlace_e52c81"
        data-test-id="seat-place"
      >
        9
      </span>
    </div>
    <div
      class="_seat_e52c81 _regular_e52c81 _free_e52c81"
      data-test-disabled="false"
      data-test-id="seat"
      data-test-selected="false"
      style="left: 450px; top: 0px; width: 40px; height: 34px;"
    >
      <span
        class="_seatPlace_e52c81"
        data-test-id="seat-place"
      >
        10
      </span>
    </div>
    <div
      class="_seat_e52c81 _regular_e52c81 _free_e52c81"
      data-test-disabled="false"
      data-test-id="seat"
      data-test-selected="false"
      style="left: 500px; top: 0px; width: 40px; height: 34px;"
    >
      <span
        class="_seatPlace_e52c81"
        data-test-id="seat-place"
      >
        11
      </span>
    </div>
    <div
      class="_seat_e52c81 _regular_e52c81 _free_e52c81"
      data-test-disabled="false"
      data-test-id="seat"
      data-test-selected="false"
      style="left: 550px; top: 0px; width: 40px; height: 34px;"
    >
      <span
        class="_seatPlace_e52c81"
        data-test-id="seat-place"
      >
        12
      </span>
    </div>
    <div
      class="_seat_e52c81 _regular_e52c81 _free_e52c81"
      data-test-disabled="false"
      data-test-id="seat"
      data-test-selected="false"
      style="left: 600px; top: 0px; width: 40px; height: 34px;"
    >
      <span
        class="_seatPlace_e52c81"
        data-test-id="seat-place"
      >
        13
      </span>
    </div>
    <div
      class="_seat_e52c81 _comfort_e52c81 _free_e52c81"
      data-test-disabled="false"
      data-test-id="seat"
      data-test-selected="false"
      style="left: 0px; top: 44px; width: 40px; height: 34px;"
    >
      <span
        class="_seatPlace_e52c81"
        data-test-id="seat-place"
      >
        1
      </span>
    </div>
    <div
      class="_seat_e52c81 _comfort_e52c81 _free_e52c81"
      data-test-disabled="false"
      data-test-id="seat"
      data-test-selected="false"
      style="left: 50px; top: 44px; width: 40px; height: 34px;"
    >
      <span
        class="_seatPlace_e52c81"
        data-test-id="seat-place"
      >
        2
      </span>
    </div>
    <div
      class="_seat_e52c81 _regular_e52c81 _free_e52c81"
      data-test-disabled="false"
      data-test-id="seat"
      data-test-selected="false"
      style="left: 150px; top: 44px; width: 40px; height: 34px;"
    >
      <span
        class="_seatPlace_e52c81"
        data-test-id="seat-place"
      >
        4
      </span>
    </div>
    <div
      class="_seat_e52c81 _regular_e52c81 _free_e52c81"
      data-test-disabled="false"
      data-test-id="seat"
      data-test-selected="false"
      style="left: 200px; top: 44px; width: 40px; height: 34px;"
    >
      <span
        class="_seatPlace_e52c81"
        data-test-id="seat-place"
      >
        5
      </span>
    </div>
    <div
      class="_seat_e52c81 _regular_e52c81 _free_e52c81"
      data-test-disabled="false"
      data-test-id="seat"
      data-test-selected="false"
      style="left: 250px; top: 44px; width: 40px; height: 34px;"
    >
      <span
        class="_seatPlace_e52c81"
        data-test-id="seat-place"
      >
        6
      </span>
    </div>
    <div
      class="_seat_e52c81 _regular_e52c81 _free_e52c81"
      data-test-disabled="false"
      data-test-id="seat"
      data-test-selected="false"
      style="left: 300px; top: 44px; width: 40px; height: 34px;"
    >
      <span
        class="_seatPlace_e52c81"
        data-test-id="seat-place"
      >
        7
      </span>
    </div>
    <div
      class="_seat_e52c81 _regular_e52c81 _free_e52c81"
      data-test-disabled="false"
      data-test-id="seat"
      data-test-selected="false"
      style="left: 400px; top: 44px; width: 40px; height: 34px;"
    >
      <span
        class="_seatPlace_e52c81"
        data-test-id="seat-place"
      >
        9
      </span>
    </div>
    <div
      class="_seat_e52c81 _regular_e52c81 _free_e52c81"
      data-test-disabled="false"
      data-test-id="seat"
      data-test-selected="false"
      style="left: 0px; top: 88px; width: 40px; height: 34px;"
    >
      <span
        class="_seatPlace_e52c81"
        data-test-id="seat-place"
      >
        1
      </span>
    </div>
    <div
      class="_seat_e52c81 _regular_e52c81 _free_e52c81"
      data-test-disabled="false"
      data-test-id="seat"
      data-test-selected="false"
      style="left: 50px; top: 88px; width: 40px; height: 34px;"
    >
      <span
        class="_seatPlace_e52c81"
        data-test-id="seat-place"
      >
        2
      </span>
    </div>
    <div
      class="_seat_e52c81 _wheelchair_e52c81 _free_e52c81"
      data-test-disabled="false"
      data-test-id="seat"
      data-test-selected="false"
      style="left: 150px; top: 88px; width: 40px; height: 34px;"
    >
      <span
        class="_seatPlace_e52c81"
        data-test-id="seat-place"
      >
        4
      </span>
    </div>
    <div
      class="_seat_e52c81 _wheelchair_e52c81 _free_e52c81"
      data-test-disabled="false"
      data-test-id="seat"
      data-test-selected="false"
      style="left: 200px; top: 88px; width: 40px; height: 34px;"
    >
      <span
        class="_seatPlace_e52c81"
        data-test-id="seat-place"
      >
        5
      </span>
    </div>
    <div
      class="_seat_e52c81 _wheelchair_e52c81 _free_e52c81"
      data-test-disabled="false"
      data-test-id="seat"
      data-test-selected="false"
      style="left: 250px; top: 88px; width: 40px; height: 34px;"
    >
      <span
        class="_seatPlace_e52c81"
        data-test-id="seat-place"
      >
        6
      </span>
    </div>
    <div
      class="_seat_e52c81 _comfort_e52c81 _free_e52c81"
      data-test-disabled="false"
      data-test-id="seat"
      data-test-selected="false"
      style="left: 300px; top: 88px; width: 40px; height: 34px;"
    >
      <span
        class="_seatPlace_e52c81"
        data-test-id="seat-place"
      >
        7
      </span>
    </div>
    <div
      class="_seat_e52c81 _wheelchair_e52c81 _free_e52c81"
      data-test-disabled="false"
      data-test-id="seat"
      data-test-selected="false"
      style="left: 400px; top: 88px; width: 40px; height: 34px;"
    >
      <span
        class="_seatPlace_e52c81"
        data-test-id="seat-place"
      >
        9
      </span>
    </div>
    <div
      class="_seat_e52c81 _regular_e52c81 _free_e52c81"
      data-test-disabled="false"
      data-test-id="seat"
      data-test-selected="false"
      style="left: 0px; top: 132px; width: 40px; height: 34px;"
    >
      <span
        class="_seatPlace_e52c81"
        data-test-id="seat-place"
      >
        1
      </span>
    </div>
    <div
      class="_seat_e52c81 _regular_e52c81 _free_e52c81"
      data-test-disabled="false"
      data-test-id="seat"
      data-test-selected="false"
      style="left: 50px; top: 132px; width: 40px; height: 34px;"
    >
      <span
        class="_seatPlace_e52c81"
        data-test-id="seat-place"
      >
        2
      </span>
    </div>
    <div
      class="_seat_e52c81 _vip_e52c81 _free_e52c81"
      data-test-disabled="false"
      data-test-id="seat"
      data-test-selected="false"
      style="left: 150px; top: 132px; width: 40px; height: 34px;"
    >
      <span
        class="_seatPlace_e52c81"
        data-test-id="seat-place"
      >
        4
      </span>
    </div>
    <div
      class="_seat_e52c81 _vip_e52c81 _free_e52c81"
      data-test-disabled="false"
      data-test-id="seat"
      data-test-selected="false"
      style="left: 200px; top: 132px; width: 40px; height: 34px;"
    >
      <span
        class="_seatPlace_e52c81"
        data-test-id="seat-place"
      >
        5
      </span>
    </div>
    <div
      class="_seat_e52c81 _vip_e52c81 _free_e52c81"
      data-test-disabled="false"
      data-test-id="seat"
      data-test-selected="false"
      style="left: 250px; top: 132px; width: 40px; height: 34px;"
    >
      <span
        class="_seatPlace_e52c81"
        data-test-id="seat-place"
      >
        6
      </span>
    </div>
    <div
      class="_seat_e52c81 _vip_e52c81 _free_e52c81"
      data-test-disabled="false"
      data-test-id="seat"
      data-test-selected="false"
      style="left: 300px; top: 132px; width: 40px; height: 34px;"
    >
      <span
        class="_seatPlace_e52c81"
        data-test-id="seat-place"
      >
        7
      </span>
    </div>
    <div
      class="_seat_e52c81 _regular_e52c81 _selected_e52c81"
      data-test-disabled="false"
      data-test-id="seat"
      data-test-selected="true"
      style="left: 400px; top: 132px; width: 40px; height: 34px;"
    >
      <span
        class="_seatPlace_e52c81"
        data-test-id="seat-place"
      >
        9
      </span>
    </div>
  </div>
</div>
`;

exports[`Seats > should support the "canvasHeight" prop 2`] = `
<div>
  <div
    class="_canvas_c34224"
    data-test-id="seats-container"
    style="width: 400px; height: 200px;"
  >
    <div
      class="_seat_e52c81 _regular_e52c81 _free_e52c81"
      data-test-disabled="false"
      data-test-id="seat"
      data-test-selected="false"
      style="left: 0px; top: 0px; width: 40px; height: 34px;"
    >
      <span
        class="_seatPlace_e52c81"
        data-test-id="seat-place"
      >
        1
      </span>
    </div>
    <div
      class="_seat_e52c81 _regular_e52c81 _free_e52c81"
      data-test-disabled="false"
      data-test-id="seat"
      data-test-selected="false"
      style="left: 50px; top: 0px; width: 40px; height: 34px;"
    >
      <span
        class="_seatPlace_e52c81"
        data-test-id="seat-place"
      >
        2
      </span>
    </div>
    <div
      class="_seat_e52c81 _regular_e52c81 _free_e52c81"
      data-test-disabled="false"
      data-test-id="seat"
      data-test-selected="false"
      style="left: 150px; top: 0px; width: 40px; height: 34px;"
    >
      <span
        class="_seatPlace_e52c81"
        data-test-id="seat-place"
      >
        4
      </span>
    </div>
    <div
      class="_seat_e52c81 _wheelchair_e52c81 _free_e52c81"
      data-test-disabled="false"
      data-test-id="seat"
      data-test-selected="false"
      style="left: 200px; top: 0px; width: 40px; height: 34px;"
    >
      <span
        class="_seatPlace_e52c81"
        data-test-id="seat-place"
      >
        5
      </span>
    </div>
    <div
      class="_seat_e52c81 _wheelchair_e52c81 _free_e52c81"
      data-test-disabled="false"
      data-test-id="seat"
      data-test-selected="false"
      style="left: 250px; top: 0px; width: 40px; height: 34px;"
    >
      <span
        class="_seatPlace_e52c81"
        data-test-id="seat-place"
      >
        6
      </span>
    </div>
    <div
      class="_seat_e52c81 _regular_e52c81 _free_e52c81"
      data-test-disabled="false"
      data-test-id="seat"
      data-test-selected="false"
      style="left: 300px; top: 0px; width: 40px; height: 34px;"
    >
      <span
        class="_seatPlace_e52c81"
        data-test-id="seat-place"
      >
        7
      </span>
    </div>
    <div
      class="_seat_e52c81 _regular_e52c81 _free_e52c81"
      data-test-disabled="false"
      data-test-id="seat"
      data-test-selected="false"
      style="left: 400px; top: 0px; width: 40px; height: 34px;"
    >
      <span
        class="_seatPlace_e52c81"
        data-test-id="seat-place"
      >
        9
      </span>
    </div>
    <div
      class="_seat_e52c81 _regular_e52c81 _free_e52c81"
      data-test-disabled="false"
      data-test-id="seat"
      data-test-selected="false"
      style="left: 450px; top: 0px; width: 40px; height: 34px;"
    >
      <span
        class="_seatPlace_e52c81"
        data-test-id="seat-place"
      >
        10
      </span>
    </div>
    <div
      class="_seat_e52c81 _regular_e52c81 _free_e52c81"
      data-test-disabled="false"
      data-test-id="seat"
      data-test-selected="false"
      style="left: 500px; top: 0px; width: 40px; height: 34px;"
    >
      <span
        class="_seatPlace_e52c81"
        data-test-id="seat-place"
      >
        11
      </span>
    </div>
    <div
      class="_seat_e52c81 _regular_e52c81 _free_e52c81"
      data-test-disabled="false"
      data-test-id="seat"
      data-test-selected="false"
      style="left: 550px; top: 0px; width: 40px; height: 34px;"
    >
      <span
        class="_seatPlace_e52c81"
        data-test-id="seat-place"
      >
        12
      </span>
    </div>
    <div
      class="_seat_e52c81 _regular_e52c81 _free_e52c81"
      data-test-disabled="false"
      data-test-id="seat"
      data-test-selected="false"
      style="left: 600px; top: 0px; width: 40px; height: 34px;"
    >
      <span
        class="_seatPlace_e52c81"
        data-test-id="seat-place"
      >
        13
      </span>
    </div>
    <div
      class="_seat_e52c81 _comfort_e52c81 _free_e52c81"
      data-test-disabled="false"
      data-test-id="seat"
      data-test-selected="false"
      style="left: 0px; top: 44px; width: 40px; height: 34px;"
    >
      <span
        class="_seatPlace_e52c81"
        data-test-id="seat-place"
      >
        1
      </span>
    </div>
    <div
      class="_seat_e52c81 _comfort_e52c81 _free_e52c81"
      data-test-disabled="false"
      data-test-id="seat"
      data-test-selected="false"
      style="left: 50px; top: 44px; width: 40px; height: 34px;"
    >
      <span
        class="_seatPlace_e52c81"
        data-test-id="seat-place"
      >
        2
      </span>
    </div>
    <div
      class="_seat_e52c81 _regular_e52c81 _free_e52c81"
      data-test-disabled="false"
      data-test-id="seat"
      data-test-selected="false"
      style="left: 150px; top: 44px; width: 40px; height: 34px;"
    >
      <span
        class="_seatPlace_e52c81"
        data-test-id="seat-place"
      >
        4
      </span>
    </div>
    <div
      class="_seat_e52c81 _regular_e52c81 _free_e52c81"
      data-test-disabled="false"
      data-test-id="seat"
      data-test-selected="false"
      style="left: 200px; top: 44px; width: 40px; height: 34px;"
    >
      <span
        class="_seatPlace_e52c81"
        data-test-id="seat-place"
      >
        5
      </span>
    </div>
    <div
      class="_seat_e52c81 _regular_e52c81 _free_e52c81"
      data-test-disabled="false"
      data-test-id="seat"
      data-test-selected="false"
      style="left: 250px; top: 44px; width: 40px; height: 34px;"
    >
      <span
        class="_seatPlace_e52c81"
        data-test-id="seat-place"
      >
        6
      </span>
    </div>
    <div
      class="_seat_e52c81 _regular_e52c81 _free_e52c81"
      data-test-disabled="false"
      data-test-id="seat"
      data-test-selected="false"
      style="left: 300px; top: 44px; width: 40px; height: 34px;"
    >
      <span
        class="_seatPlace_e52c81"
        data-test-id="seat-place"
      >
        7
      </span>
    </div>
    <div
      class="_seat_e52c81 _regular_e52c81 _free_e52c81"
      data-test-disabled="false"
      data-test-id="seat"
      data-test-selected="false"
      style="left: 400px; top: 44px; width: 40px; height: 34px;"
    >
      <span
        class="_seatPlace_e52c81"
        data-test-id="seat-place"
      >
        9
      </span>
    </div>
    <div
      class="_seat_e52c81 _regular_e52c81 _free_e52c81"
      data-test-disabled="false"
      data-test-id="seat"
      data-test-selected="false"
      style="left: 0px; top: 88px; width: 40px; height: 34px;"
    >
      <span
        class="_seatPlace_e52c81"
        data-test-id="seat-place"
      >
        1
      </span>
    </div>
    <div
      class="_seat_e52c81 _regular_e52c81 _free_e52c81"
      data-test-disabled="false"
      data-test-id="seat"
      data-test-selected="false"
      style="left: 50px; top: 88px; width: 40px; height: 34px;"
    >
      <span
        class="_seatPlace_e52c81"
        data-test-id="seat-place"
      >
        2
      </span>
    </div>
    <div
      class="_seat_e52c81 _wheelchair_e52c81 _free_e52c81"
      data-test-disabled="false"
      data-test-id="seat"
      data-test-selected="false"
      style="left: 150px; top: 88px; width: 40px; height: 34px;"
    >
      <span
        class="_seatPlace_e52c81"
        data-test-id="seat-place"
      >
        4
      </span>
    </div>
    <div
      class="_seat_e52c81 _wheelchair_e52c81 _free_e52c81"
      data-test-disabled="false"
      data-test-id="seat"
      data-test-selected="false"
      style="left: 200px; top: 88px; width: 40px; height: 34px;"
    >
      <span
        class="_seatPlace_e52c81"
        data-test-id="seat-place"
      >
        5
      </span>
    </div>
    <div
      class="_seat_e52c81 _wheelchair_e52c81 _free_e52c81"
      data-test-disabled="false"
      data-test-id="seat"
      data-test-selected="false"
      style="left: 250px; top: 88px; width: 40px; height: 34px;"
    >
      <span
        class="_seatPlace_e52c81"
        data-test-id="seat-place"
      >
        6
      </span>
    </div>
    <div
      class="_seat_e52c81 _comfort_e52c81 _free_e52c81"
      data-test-disabled="false"
      data-test-id="seat"
      data-test-selected="false"
      style="left: 300px; top: 88px; width: 40px; height: 34px;"
    >
      <span
        class="_seatPlace_e52c81"
        data-test-id="seat-place"
      >
        7
      </span>
    </div>
    <div
      class="_seat_e52c81 _wheelchair_e52c81 _free_e52c81"
      data-test-disabled="false"
      data-test-id="seat"
      data-test-selected="false"
      style="left: 400px; top: 88px; width: 40px; height: 34px;"
    >
      <span
        class="_seatPlace_e52c81"
        data-test-id="seat-place"
      >
        9
      </span>
    </div>
    <div
      class="_seat_e52c81 _regular_e52c81 _free_e52c81"
      data-test-disabled="false"
      data-test-id="seat"
      data-test-selected="false"
      style="left: 0px; top: 132px; width: 40px; height: 34px;"
    >
      <span
        class="_seatPlace_e52c81"
        data-test-id="seat-place"
      >
        1
      </span>
    </div>
    <div
      class="_seat_e52c81 _regular_e52c81 _free_e52c81"
      data-test-disabled="false"
      data-test-id="seat"
      data-test-selected="false"
      style="left: 50px; top: 132px; width: 40px; height: 34px;"
    >
      <span
        class="_seatPlace_e52c81"
        data-test-id="seat-place"
      >
        2
      </span>
    </div>
    <div
      class="_seat_e52c81 _vip_e52c81 _free_e52c81"
      data-test-disabled="false"
      data-test-id="seat"
      data-test-selected="false"
      style="left: 150px; top: 132px; width: 40px; height: 34px;"
    >
      <span
        class="_seatPlace_e52c81"
        data-test-id="seat-place"
      >
        4
      </span>
    </div>
    <div
      class="_seat_e52c81 _vip_e52c81 _free_e52c81"
      data-test-disabled="false"
      data-test-id="seat"
      data-test-selected="false"
      style="left: 200px; top: 132px; width: 40px; height: 34px;"
    >
      <span
        class="_seatPlace_e52c81"
        data-test-id="seat-place"
      >
        5
      </span>
    </div>
    <div
      class="_seat_e52c81 _vip_e52c81 _free_e52c81"
      data-test-disabled="false"
      data-test-id="seat"
      data-test-selected="false"
      style="left: 250px; top: 132px; width: 40px; height: 34px;"
    >
      <span
        class="_seatPlace_e52c81"
        data-test-id="seat-place"
      >
        6
      </span>
    </div>
    <div
      class="_seat_e52c81 _vip_e52c81 _free_e52c81"
      data-test-disabled="false"
      data-test-id="seat"
      data-test-selected="false"
      style="left: 300px; top: 132px; width: 40px; height: 34px;"
    >
      <span
        class="_seatPlace_e52c81"
        data-test-id="seat-place"
      >
        7
      </span>
    </div>
    <div
      class="_seat_e52c81 _regular_e52c81 _selected_e52c81"
      data-test-disabled="false"
      data-test-id="seat"
      data-test-selected="true"
      style="left: 400px; top: 132px; width: 40px; height: 34px;"
    >
      <span
        class="_seatPlace_e52c81"
        data-test-id="seat-place"
      >
        9
      </span>
    </div>
  </div>
</div>
`;

exports[`Seats > should support the "canvasWidth" prop 1`] = `
<div>
  <div
    class="_canvas_c34224"
    data-test-id="seats-container"
    style="width: 100px; height: 400px;"
  >
    <div
      class="_seat_e52c81 _regular_e52c81 _free_e52c81"
      data-test-disabled="false"
      data-test-id="seat"
      data-test-selected="false"
      style="left: 0px; top: 0px; width: 40px; height: 34px;"
    >
      <span
        class="_seatPlace_e52c81"
        data-test-id="seat-place"
      >
        1
      </span>
    </div>
    <div
      class="_seat_e52c81 _regular_e52c81 _free_e52c81"
      data-test-disabled="false"
      data-test-id="seat"
      data-test-selected="false"
      style="left: 50px; top: 0px; width: 40px; height: 34px;"
    >
      <span
        class="_seatPlace_e52c81"
        data-test-id="seat-place"
      >
        2
      </span>
    </div>
    <div
      class="_seat_e52c81 _regular_e52c81 _free_e52c81"
      data-test-disabled="false"
      data-test-id="seat"
      data-test-selected="false"
      style="left: 150px; top: 0px; width: 40px; height: 34px;"
    >
      <span
        class="_seatPlace_e52c81"
        data-test-id="seat-place"
      >
        4
      </span>
    </div>
    <div
      class="_seat_e52c81 _wheelchair_e52c81 _free_e52c81"
      data-test-disabled="false"
      data-test-id="seat"
      data-test-selected="false"
      style="left: 200px; top: 0px; width: 40px; height: 34px;"
    >
      <span
        class="_seatPlace_e52c81"
        data-test-id="seat-place"
      >
        5
      </span>
    </div>
    <div
      class="_seat_e52c81 _wheelchair_e52c81 _free_e52c81"
      data-test-disabled="false"
      data-test-id="seat"
      data-test-selected="false"
      style="left: 250px; top: 0px; width: 40px; height: 34px;"
    >
      <span
        class="_seatPlace_e52c81"
        data-test-id="seat-place"
      >
        6
      </span>
    </div>
    <div
      class="_seat_e52c81 _regular_e52c81 _free_e52c81"
      data-test-disabled="false"
      data-test-id="seat"
      data-test-selected="false"
      style="left: 300px; top: 0px; width: 40px; height: 34px;"
    >
      <span
        class="_seatPlace_e52c81"
        data-test-id="seat-place"
      >
        7
      </span>
    </div>
    <div
      class="_seat_e52c81 _regular_e52c81 _free_e52c81"
      data-test-disabled="false"
      data-test-id="seat"
      data-test-selected="false"
      style="left: 400px; top: 0px; width: 40px; height: 34px;"
    >
      <span
        class="_seatPlace_e52c81"
        data-test-id="seat-place"
      >
        9
      </span>
    </div>
    <div
      class="_seat_e52c81 _regular_e52c81 _free_e52c81"
      data-test-disabled="false"
      data-test-id="seat"
      data-test-selected="false"
      style="left: 450px; top: 0px; width: 40px; height: 34px;"
    >
      <span
        class="_seatPlace_e52c81"
        data-test-id="seat-place"
      >
        10
      </span>
    </div>
    <div
      class="_seat_e52c81 _regular_e52c81 _free_e52c81"
      data-test-disabled="false"
      data-test-id="seat"
      data-test-selected="false"
      style="left: 500px; top: 0px; width: 40px; height: 34px;"
    >
      <span
        class="_seatPlace_e52c81"
        data-test-id="seat-place"
      >
        11
      </span>
    </div>
    <div
      class="_seat_e52c81 _regular_e52c81 _free_e52c81"
      data-test-disabled="false"
      data-test-id="seat"
      data-test-selected="false"
      style="left: 550px; top: 0px; width: 40px; height: 34px;"
    >
      <span
        class="_seatPlace_e52c81"
        data-test-id="seat-place"
      >
        12
      </span>
    </div>
    <div
      class="_seat_e52c81 _regular_e52c81 _free_e52c81"
      data-test-disabled="false"
      data-test-id="seat"
      data-test-selected="false"
      style="left: 600px; top: 0px; width: 40px; height: 34px;"
    >
      <span
        class="_seatPlace_e52c81"
        data-test-id="seat-place"
      >
        13
      </span>
    </div>
    <div
      class="_seat_e52c81 _comfort_e52c81 _free_e52c81"
      data-test-disabled="false"
      data-test-id="seat"
      data-test-selected="false"
      style="left: 0px; top: 44px; width: 40px; height: 34px;"
    >
      <span
        class="_seatPlace_e52c81"
        data-test-id="seat-place"
      >
        1
      </span>
    </div>
    <div
      class="_seat_e52c81 _comfort_e52c81 _free_e52c81"
      data-test-disabled="false"
      data-test-id="seat"
      data-test-selected="false"
      style="left: 50px; top: 44px; width: 40px; height: 34px;"
    >
      <span
        class="_seatPlace_e52c81"
        data-test-id="seat-place"
      >
        2
      </span>
    </div>
    <div
      class="_seat_e52c81 _regular_e52c81 _free_e52c81"
      data-test-disabled="false"
      data-test-id="seat"
      data-test-selected="false"
      style="left: 150px; top: 44px; width: 40px; height: 34px;"
    >
      <span
        class="_seatPlace_e52c81"
        data-test-id="seat-place"
      >
        4
      </span>
    </div>
    <div
      class="_seat_e52c81 _regular_e52c81 _free_e52c81"
      data-test-disabled="false"
      data-test-id="seat"
      data-test-selected="false"
      style="left: 200px; top: 44px; width: 40px; height: 34px;"
    >
      <span
        class="_seatPlace_e52c81"
        data-test-id="seat-place"
      >
        5
      </span>
    </div>
    <div
      class="_seat_e52c81 _regular_e52c81 _free_e52c81"
      data-test-disabled="false"
      data-test-id="seat"
      data-test-selected="false"
      style="left: 250px; top: 44px; width: 40px; height: 34px;"
    >
      <span
        class="_seatPlace_e52c81"
        data-test-id="seat-place"
      >
        6
      </span>
    </div>
    <div
      class="_seat_e52c81 _regular_e52c81 _free_e52c81"
      data-test-disabled="false"
      data-test-id="seat"
      data-test-selected="false"
      style="left: 300px; top: 44px; width: 40px; height: 34px;"
    >
      <span
        class="_seatPlace_e52c81"
        data-test-id="seat-place"
      >
        7
      </span>
    </div>
    <div
      class="_seat_e52c81 _regular_e52c81 _free_e52c81"
      data-test-disabled="false"
      data-test-id="seat"
      data-test-selected="false"
      style="left: 400px; top: 44px; width: 40px; height: 34px;"
    >
      <span
        class="_seatPlace_e52c81"
        data-test-id="seat-place"
      >
        9
      </span>
    </div>
    <div
      class="_seat_e52c81 _regular_e52c81 _free_e52c81"
      data-test-disabled="false"
      data-test-id="seat"
      data-test-selected="false"
      style="left: 0px; top: 88px; width: 40px; height: 34px;"
    >
      <span
        class="_seatPlace_e52c81"
        data-test-id="seat-place"
      >
        1
      </span>
    </div>
    <div
      class="_seat_e52c81 _regular_e52c81 _free_e52c81"
      data-test-disabled="false"
      data-test-id="seat"
      data-test-selected="false"
      style="left: 50px; top: 88px; width: 40px; height: 34px;"
    >
      <span
        class="_seatPlace_e52c81"
        data-test-id="seat-place"
      >
        2
      </span>
    </div>
    <div
      class="_seat_e52c81 _wheelchair_e52c81 _free_e52c81"
      data-test-disabled="false"
      data-test-id="seat"
      data-test-selected="false"
      style="left: 150px; top: 88px; width: 40px; height: 34px;"
    >
      <span
        class="_seatPlace_e52c81"
        data-test-id="seat-place"
      >
        4
      </span>
    </div>
    <div
      class="_seat_e52c81 _wheelchair_e52c81 _free_e52c81"
      data-test-disabled="false"
      data-test-id="seat"
      data-test-selected="false"
      style="left: 200px; top: 88px; width: 40px; height: 34px;"
    >
      <span
        class="_seatPlace_e52c81"
        data-test-id="seat-place"
      >
        5
      </span>
    </div>
    <div
      class="_seat_e52c81 _wheelchair_e52c81 _free_e52c81"
      data-test-disabled="false"
      data-test-id="seat"
      data-test-selected="false"
      style="left: 250px; top: 88px; width: 40px; height: 34px;"
    >
      <span
        class="_seatPlace_e52c81"
        data-test-id="seat-place"
      >
        6
      </span>
    </div>
    <div
      class="_seat_e52c81 _comfort_e52c81 _free_e52c81"
      data-test-disabled="false"
      data-test-id="seat"
      data-test-selected="false"
      style="left: 300px; top: 88px; width: 40px; height: 34px;"
    >
      <span
        class="_seatPlace_e52c81"
        data-test-id="seat-place"
      >
        7
      </span>
    </div>
    <div
      class="_seat_e52c81 _wheelchair_e52c81 _free_e52c81"
      data-test-disabled="false"
      data-test-id="seat"
      data-test-selected="false"
      style="left: 400px; top: 88px; width: 40px; height: 34px;"
    >
      <span
        class="_seatPlace_e52c81"
        data-test-id="seat-place"
      >
        9
      </span>
    </div>
    <div
      class="_seat_e52c81 _regular_e52c81 _free_e52c81"
      data-test-disabled="false"
      data-test-id="seat"
      data-test-selected="false"
      style="left: 0px; top: 132px; width: 40px; height: 34px;"
    >
      <span
        class="_seatPlace_e52c81"
        data-test-id="seat-place"
      >
        1
      </span>
    </div>
    <div
      class="_seat_e52c81 _regular_e52c81 _free_e52c81"
      data-test-disabled="false"
      data-test-id="seat"
      data-test-selected="false"
      style="left: 50px; top: 132px; width: 40px; height: 34px;"
    >
      <span
        class="_seatPlace_e52c81"
        data-test-id="seat-place"
      >
        2
      </span>
    </div>
    <div
      class="_seat_e52c81 _vip_e52c81 _free_e52c81"
      data-test-disabled="false"
      data-test-id="seat"
      data-test-selected="false"
      style="left: 150px; top: 132px; width: 40px; height: 34px;"
    >
      <span
        class="_seatPlace_e52c81"
        data-test-id="seat-place"
      >
        4
      </span>
    </div>
    <div
      class="_seat_e52c81 _vip_e52c81 _free_e52c81"
      data-test-disabled="false"
      data-test-id="seat"
      data-test-selected="false"
      style="left: 200px; top: 132px; width: 40px; height: 34px;"
    >
      <span
        class="_seatPlace_e52c81"
        data-test-id="seat-place"
      >
        5
      </span>
    </div>
    <div
      class="_seat_e52c81 _vip_e52c81 _free_e52c81"
      data-test-disabled="false"
      data-test-id="seat"
      data-test-selected="false"
      style="left: 250px; top: 132px; width: 40px; height: 34px;"
    >
      <span
        class="_seatPlace_e52c81"
        data-test-id="seat-place"
      >
        6
      </span>
    </div>
    <div
      class="_seat_e52c81 _vip_e52c81 _free_e52c81"
      data-test-disabled="false"
      data-test-id="seat"
      data-test-selected="false"
      style="left: 300px; top: 132px; width: 40px; height: 34px;"
    >
      <span
        class="_seatPlace_e52c81"
        data-test-id="seat-place"
      >
        7
      </span>
    </div>
    <div
      class="_seat_e52c81 _regular_e52c81 _selected_e52c81"
      data-test-disabled="false"
      data-test-id="seat"
      data-test-selected="true"
      style="left: 400px; top: 132px; width: 40px; height: 34px;"
    >
      <span
        class="_seatPlace_e52c81"
        data-test-id="seat-place"
      >
        9
      </span>
    </div>
  </div>
</div>
`;

exports[`Seats > should support the "canvasWidth" prop 2`] = `
<div>
  <div
    class="_canvas_c34224"
    data-test-id="seats-container"
    style="width: 200px; height: 400px;"
  >
    <div
      class="_seat_e52c81 _regular_e52c81 _free_e52c81"
      data-test-disabled="false"
      data-test-id="seat"
      data-test-selected="false"
      style="left: 0px; top: 0px; width: 40px; height: 34px;"
    >
      <span
        class="_seatPlace_e52c81"
        data-test-id="seat-place"
      >
        1
      </span>
    </div>
    <div
      class="_seat_e52c81 _regular_e52c81 _free_e52c81"
      data-test-disabled="false"
      data-test-id="seat"
      data-test-selected="false"
      style="left: 50px; top: 0px; width: 40px; height: 34px;"
    >
      <span
        class="_seatPlace_e52c81"
        data-test-id="seat-place"
      >
        2
      </span>
    </div>
    <div
      class="_seat_e52c81 _regular_e52c81 _free_e52c81"
      data-test-disabled="false"
      data-test-id="seat"
      data-test-selected="false"
      style="left: 150px; top: 0px; width: 40px; height: 34px;"
    >
      <span
        class="_seatPlace_e52c81"
        data-test-id="seat-place"
      >
        4
      </span>
    </div>
    <div
      class="_seat_e52c81 _wheelchair_e52c81 _free_e52c81"
      data-test-disabled="false"
      data-test-id="seat"
      data-test-selected="false"
      style="left: 200px; top: 0px; width: 40px; height: 34px;"
    >
      <span
        class="_seatPlace_e52c81"
        data-test-id="seat-place"
      >
        5
      </span>
    </div>
    <div
      class="_seat_e52c81 _wheelchair_e52c81 _free_e52c81"
      data-test-disabled="false"
      data-test-id="seat"
      data-test-selected="false"
      style="left: 250px; top: 0px; width: 40px; height: 34px;"
    >
      <span
        class="_seatPlace_e52c81"
        data-test-id="seat-place"
      >
        6
      </span>
    </div>
    <div
      class="_seat_e52c81 _regular_e52c81 _free_e52c81"
      data-test-disabled="false"
      data-test-id="seat"
      data-test-selected="false"
      style="left: 300px; top: 0px; width: 40px; height: 34px;"
    >
      <span
        class="_seatPlace_e52c81"
        data-test-id="seat-place"
      >
        7
      </span>
    </div>
    <div
      class="_seat_e52c81 _regular_e52c81 _free_e52c81"
      data-test-disabled="false"
      data-test-id="seat"
      data-test-selected="false"
      style="left: 400px; top: 0px; width: 40px; height: 34px;"
    >
      <span
        class="_seatPlace_e52c81"
        data-test-id="seat-place"
      >
        9
      </span>
    </div>
    <div
      class="_seat_e52c81 _regular_e52c81 _free_e52c81"
      data-test-disabled="false"
      data-test-id="seat"
      data-test-selected="false"
      style="left: 450px; top: 0px; width: 40px; height: 34px;"
    >
      <span
        class="_seatPlace_e52c81"
        data-test-id="seat-place"
      >
        10
      </span>
    </div>
    <div
      class="_seat_e52c81 _regular_e52c81 _free_e52c81"
      data-test-disabled="false"
      data-test-id="seat"
      data-test-selected="false"
      style="left: 500px; top: 0px; width: 40px; height: 34px;"
    >
      <span
        class="_seatPlace_e52c81"
        data-test-id="seat-place"
      >
        11
      </span>
    </div>
    <div
      class="_seat_e52c81 _regular_e52c81 _free_e52c81"
      data-test-disabled="false"
      data-test-id="seat"
      data-test-selected="false"
      style="left: 550px; top: 0px; width: 40px; height: 34px;"
    >
      <span
        class="_seatPlace_e52c81"
        data-test-id="seat-place"
      >
        12
      </span>
    </div>
    <div
      class="_seat_e52c81 _regular_e52c81 _free_e52c81"
      data-test-disabled="false"
      data-test-id="seat"
      data-test-selected="false"
      style="left: 600px; top: 0px; width: 40px; height: 34px;"
    >
      <span
        class="_seatPlace_e52c81"
        data-test-id="seat-place"
      >
        13
      </span>
    </div>
    <div
      class="_seat_e52c81 _comfort_e52c81 _free_e52c81"
      data-test-disabled="false"
      data-test-id="seat"
      data-test-selected="false"
      style="left: 0px; top: 44px; width: 40px; height: 34px;"
    >
      <span
        class="_seatPlace_e52c81"
        data-test-id="seat-place"
      >
        1
      </span>
    </div>
    <div
      class="_seat_e52c81 _comfort_e52c81 _free_e52c81"
      data-test-disabled="false"
      data-test-id="seat"
      data-test-selected="false"
      style="left: 50px; top: 44px; width: 40px; height: 34px;"
    >
      <span
        class="_seatPlace_e52c81"
        data-test-id="seat-place"
      >
        2
      </span>
    </div>
    <div
      class="_seat_e52c81 _regular_e52c81 _free_e52c81"
      data-test-disabled="false"
      data-test-id="seat"
      data-test-selected="false"
      style="left: 150px; top: 44px; width: 40px; height: 34px;"
    >
      <span
        class="_seatPlace_e52c81"
        data-test-id="seat-place"
      >
        4
      </span>
    </div>
    <div
      class="_seat_e52c81 _regular_e52c81 _free_e52c81"
      data-test-disabled="false"
      data-test-id="seat"
      data-test-selected="false"
      style="left: 200px; top: 44px; width: 40px; height: 34px;"
    >
      <span
        class="_seatPlace_e52c81"
        data-test-id="seat-place"
      >
        5
      </span>
    </div>
    <div
      class="_seat_e52c81 _regular_e52c81 _free_e52c81"
      data-test-disabled="false"
      data-test-id="seat"
      data-test-selected="false"
      style="left: 250px; top: 44px; width: 40px; height: 34px;"
    >
      <span
        class="_seatPlace_e52c81"
        data-test-id="seat-place"
      >
        6
      </span>
    </div>
    <div
      class="_seat_e52c81 _regular_e52c81 _free_e52c81"
      data-test-disabled="false"
      data-test-id="seat"
      data-test-selected="false"
      style="left: 300px; top: 44px; width: 40px; height: 34px;"
    >
      <span
        class="_seatPlace_e52c81"
        data-test-id="seat-place"
      >
        7
      </span>
    </div>
    <div
      class="_seat_e52c81 _regular_e52c81 _free_e52c81"
      data-test-disabled="false"
      data-test-id="seat"
      data-test-selected="false"
      style="left: 400px; top: 44px; width: 40px; height: 34px;"
    >
      <span
        class="_seatPlace_e52c81"
        data-test-id="seat-place"
      >
        9
      </span>
    </div>
    <div
      class="_seat_e52c81 _regular_e52c81 _free_e52c81"
      data-test-disabled="false"
      data-test-id="seat"
      data-test-selected="false"
      style="left: 0px; top: 88px; width: 40px; height: 34px;"
    >
      <span
        class="_seatPlace_e52c81"
        data-test-id="seat-place"
      >
        1
      </span>
    </div>
    <div
      class="_seat_e52c81 _regular_e52c81 _free_e52c81"
      data-test-disabled="false"
      data-test-id="seat"
      data-test-selected="false"
      style="left: 50px; top: 88px; width: 40px; height: 34px;"
    >
      <span
        class="_seatPlace_e52c81"
        data-test-id="seat-place"
      >
        2
      </span>
    </div>
    <div
      class="_seat_e52c81 _wheelchair_e52c81 _free_e52c81"
      data-test-disabled="false"
      data-test-id="seat"
      data-test-selected="false"
      style="left: 150px; top: 88px; width: 40px; height: 34px;"
    >
      <span
        class="_seatPlace_e52c81"
        data-test-id="seat-place"
      >
        4
      </span>
    </div>
    <div
      class="_seat_e52c81 _wheelchair_e52c81 _free_e52c81"
      data-test-disabled="false"
      data-test-id="seat"
      data-test-selected="false"
      style="left: 200px; top: 88px; width: 40px; height: 34px;"
    >
      <span
        class="_seatPlace_e52c81"
        data-test-id="seat-place"
      >
        5
      </span>
    </div>
    <div
      class="_seat_e52c81 _wheelchair_e52c81 _free_e52c81"
      data-test-disabled="false"
      data-test-id="seat"
      data-test-selected="false"
      style="left: 250px; top: 88px; width: 40px; height: 34px;"
    >
      <span
        class="_seatPlace_e52c81"
        data-test-id="seat-place"
      >
        6
      </span>
    </div>
    <div
      class="_seat_e52c81 _comfort_e52c81 _free_e52c81"
      data-test-disabled="false"
      data-test-id="seat"
      data-test-selected="false"
      style="left: 300px; top: 88px; width: 40px; height: 34px;"
    >
      <span
        class="_seatPlace_e52c81"
        data-test-id="seat-place"
      >
        7
      </span>
    </div>
    <div
      class="_seat_e52c81 _wheelchair_e52c81 _free_e52c81"
      data-test-disabled="false"
      data-test-id="seat"
      data-test-selected="false"
      style="left: 400px; top: 88px; width: 40px; height: 34px;"
    >
      <span
        class="_seatPlace_e52c81"
        data-test-id="seat-place"
      >
        9
      </span>
    </div>
    <div
      class="_seat_e52c81 _regular_e52c81 _free_e52c81"
      data-test-disabled="false"
      data-test-id="seat"
      data-test-selected="false"
      style="left: 0px; top: 132px; width: 40px; height: 34px;"
    >
      <span
        class="_seatPlace_e52c81"
        data-test-id="seat-place"
      >
        1
      </span>
    </div>
    <div
      class="_seat_e52c81 _regular_e52c81 _free_e52c81"
      data-test-disabled="false"
      data-test-id="seat"
      data-test-selected="false"
      style="left: 50px; top: 132px; width: 40px; height: 34px;"
    >
      <span
        class="_seatPlace_e52c81"
        data-test-id="seat-place"
      >
        2
      </span>
    </div>
    <div
      class="_seat_e52c81 _vip_e52c81 _free_e52c81"
      data-test-disabled="false"
      data-test-id="seat"
      data-test-selected="false"
      style="left: 150px; top: 132px; width: 40px; height: 34px;"
    >
      <span
        class="_seatPlace_e52c81"
        data-test-id="seat-place"
      >
        4
      </span>
    </div>
    <div
      class="_seat_e52c81 _vip_e52c81 _free_e52c81"
      data-test-disabled="false"
      data-test-id="seat"
      data-test-selected="false"
      style="left: 200px; top: 132px; width: 40px; height: 34px;"
    >
      <span
        class="_seatPlace_e52c81"
        data-test-id="seat-place"
      >
        5
      </span>
    </div>
    <div
      class="_seat_e52c81 _vip_e52c81 _free_e52c81"
      data-test-disabled="false"
      data-test-id="seat"
      data-test-selected="false"
      style="left: 250px; top: 132px; width: 40px; height: 34px;"
    >
      <span
        class="_seatPlace_e52c81"
        data-test-id="seat-place"
      >
        6
      </span>
    </div>
    <div
      class="_seat_e52c81 _vip_e52c81 _free_e52c81"
      data-test-disabled="false"
      data-test-id="seat"
      data-test-selected="false"
      style="left: 300px; top: 132px; width: 40px; height: 34px;"
    >
      <span
        class="_seatPlace_e52c81"
        data-test-id="seat-place"
      >
        7
      </span>
    </div>
    <div
      class="_seat_e52c81 _regular_e52c81 _selected_e52c81"
      data-test-disabled="false"
      data-test-id="seat"
      data-test-selected="true"
      style="left: 400px; top: 132px; width: 40px; height: 34px;"
    >
      <span
        class="_seatPlace_e52c81"
        data-test-id="seat-place"
      >
        9
      </span>
    </div>
  </div>
</div>
`;

exports[`Seats > should support the "cart" prop 1`] = `
<div>
  <div
    class="_canvas_c34224"
    data-test-id="seats-container"
    style="width: 400px; height: 400px;"
  >
    <div
      class="_seat_e52c81 _regular_e52c81 _free_e52c81"
      data-test-disabled="false"
      data-test-id="seat"
      data-test-selected="false"
      style="left: 0px; top: 0px; width: 40px; height: 34px;"
    >
      <span
        class="_seatPlace_e52c81"
        data-test-id="seat-place"
      >
        1
      </span>
    </div>
    <div
      class="_seat_e52c81 _regular_e52c81 _free_e52c81"
      data-test-disabled="false"
      data-test-id="seat"
      data-test-selected="false"
      style="left: 50px; top: 0px; width: 40px; height: 34px;"
    >
      <span
        class="_seatPlace_e52c81"
        data-test-id="seat-place"
      >
        2
      </span>
    </div>
    <div
      class="_seat_e52c81 _regular_e52c81 _free_e52c81"
      data-test-disabled="false"
      data-test-id="seat"
      data-test-selected="false"
      style="left: 150px; top: 0px; width: 40px; height: 34px;"
    >
      <span
        class="_seatPlace_e52c81"
        data-test-id="seat-place"
      >
        4
      </span>
    </div>
    <div
      class="_seat_e52c81 _wheelchair_e52c81 _free_e52c81"
      data-test-disabled="false"
      data-test-id="seat"
      data-test-selected="false"
      style="left: 200px; top: 0px; width: 40px; height: 34px;"
    >
      <span
        class="_seatPlace_e52c81"
        data-test-id="seat-place"
      >
        5
      </span>
    </div>
    <div
      class="_seat_e52c81 _wheelchair_e52c81 _free_e52c81"
      data-test-disabled="false"
      data-test-id="seat"
      data-test-selected="false"
      style="left: 250px; top: 0px; width: 40px; height: 34px;"
    >
      <span
        class="_seatPlace_e52c81"
        data-test-id="seat-place"
      >
        6
      </span>
    </div>
    <div
      class="_seat_e52c81 _regular_e52c81 _free_e52c81"
      data-test-disabled="false"
      data-test-id="seat"
      data-test-selected="false"
      style="left: 300px; top: 0px; width: 40px; height: 34px;"
    >
      <span
        class="_seatPlace_e52c81"
        data-test-id="seat-place"
      >
        7
      </span>
    </div>
    <div
      class="_seat_e52c81 _regular_e52c81 _free_e52c81"
      data-test-disabled="false"
      data-test-id="seat"
      data-test-selected="false"
      style="left: 400px; top: 0px; width: 40px; height: 34px;"
    >
      <span
        class="_seatPlace_e52c81"
        data-test-id="seat-place"
      >
        9
      </span>
    </div>
    <div
      class="_seat_e52c81 _regular_e52c81 _free_e52c81"
      data-test-disabled="false"
      data-test-id="seat"
      data-test-selected="false"
      style="left: 450px; top: 0px; width: 40px; height: 34px;"
    >
      <span
        class="_seatPlace_e52c81"
        data-test-id="seat-place"
      >
        10
      </span>
    </div>
    <div
      class="_seat_e52c81 _regular_e52c81 _free_e52c81"
      data-test-disabled="false"
      data-test-id="seat"
      data-test-selected="false"
      style="left: 500px; top: 0px; width: 40px; height: 34px;"
    >
      <span
        class="_seatPlace_e52c81"
        data-test-id="seat-place"
      >
        11
      </span>
    </div>
    <div
      class="_seat_e52c81 _regular_e52c81 _free_e52c81"
      data-test-disabled="false"
      data-test-id="seat"
      data-test-selected="false"
      style="left: 550px; top: 0px; width: 40px; height: 34px;"
    >
      <span
        class="_seatPlace_e52c81"
        data-test-id="seat-place"
      >
        12
      </span>
    </div>
    <div
      class="_seat_e52c81 _regular_e52c81 _free_e52c81"
      data-test-disabled="false"
      data-test-id="seat"
      data-test-selected="false"
      style="left: 600px; top: 0px; width: 40px; height: 34px;"
    >
      <span
        class="_seatPlace_e52c81"
        data-test-id="seat-place"
      >
        13
      </span>
    </div>
    <div
      class="_seat_e52c81 _comfort_e52c81 _free_e52c81"
      data-test-disabled="false"
      data-test-id="seat"
      data-test-selected="false"
      style="left: 0px; top: 44px; width: 40px; height: 34px;"
    >
      <span
        class="_seatPlace_e52c81"
        data-test-id="seat-place"
      >
        1
      </span>
    </div>
    <div
      class="_seat_e52c81 _comfort_e52c81 _free_e52c81"
      data-test-disabled="false"
      data-test-id="seat"
      data-test-selected="false"
      style="left: 50px; top: 44px; width: 40px; height: 34px;"
    >
      <span
        class="_seatPlace_e52c81"
        data-test-id="seat-place"
      >
        2
      </span>
    </div>
    <div
      class="_seat_e52c81 _regular_e52c81 _free_e52c81"
      data-test-disabled="false"
      data-test-id="seat"
      data-test-selected="false"
      style="left: 150px; top: 44px; width: 40px; height: 34px;"
    >
      <span
        class="_seatPlace_e52c81"
        data-test-id="seat-place"
      >
        4
      </span>
    </div>
    <div
      class="_seat_e52c81 _regular_e52c81 _free_e52c81"
      data-test-disabled="false"
      data-test-id="seat"
      data-test-selected="false"
      style="left: 200px; top: 44px; width: 40px; height: 34px;"
    >
      <span
        class="_seatPlace_e52c81"
        data-test-id="seat-place"
      >
        5
      </span>
    </div>
    <div
      class="_seat_e52c81 _regular_e52c81 _free_e52c81"
      data-test-disabled="false"
      data-test-id="seat"
      data-test-selected="false"
      style="left: 250px; top: 44px; width: 40px; height: 34px;"
    >
      <span
        class="_seatPlace_e52c81"
        data-test-id="seat-place"
      >
        6
      </span>
    </div>
    <div
      class="_seat_e52c81 _regular_e52c81 _free_e52c81"
      data-test-disabled="false"
      data-test-id="seat"
      data-test-selected="false"
      style="left: 300px; top: 44px; width: 40px; height: 34px;"
    >
      <span
        class="_seatPlace_e52c81"
        data-test-id="seat-place"
      >
        7
      </span>
    </div>
    <div
      class="_seat_e52c81 _regular_e52c81 _free_e52c81"
      data-test-disabled="false"
      data-test-id="seat"
      data-test-selected="false"
      style="left: 400px; top: 44px; width: 40px; height: 34px;"
    >
      <span
        class="_seatPlace_e52c81"
        data-test-id="seat-place"
      >
        9
      </span>
    </div>
    <div
      class="_seat_e52c81 _regular_e52c81 _free_e52c81"
      data-test-disabled="false"
      data-test-id="seat"
      data-test-selected="false"
      style="left: 0px; top: 88px; width: 40px; height: 34px;"
    >
      <span
        class="_seatPlace_e52c81"
        data-test-id="seat-place"
      >
        1
      </span>
    </div>
    <div
      class="_seat_e52c81 _regular_e52c81 _free_e52c81"
      data-test-disabled="false"
      data-test-id="seat"
      data-test-selected="false"
      style="left: 50px; top: 88px; width: 40px; height: 34px;"
    >
      <span
        class="_seatPlace_e52c81"
        data-test-id="seat-place"
      >
        2
      </span>
    </div>
    <div
      class="_seat_e52c81 _wheelchair_e52c81 _free_e52c81"
      data-test-disabled="false"
      data-test-id="seat"
      data-test-selected="false"
      style="left: 150px; top: 88px; width: 40px; height: 34px;"
    >
      <span
        class="_seatPlace_e52c81"
        data-test-id="seat-place"
      >
        4
      </span>
    </div>
    <div
      class="_seat_e52c81 _wheelchair_e52c81 _free_e52c81"
      data-test-disabled="false"
      data-test-id="seat"
      data-test-selected="false"
      style="left: 200px; top: 88px; width: 40px; height: 34px;"
    >
      <span
        class="_seatPlace_e52c81"
        data-test-id="seat-place"
      >
        5
      </span>
    </div>
    <div
      class="_seat_e52c81 _wheelchair_e52c81 _free_e52c81"
      data-test-disabled="false"
      data-test-id="seat"
      data-test-selected="false"
      style="left: 250px; top: 88px; width: 40px; height: 34px;"
    >
      <span
        class="_seatPlace_e52c81"
        data-test-id="seat-place"
      >
        6
      </span>
    </div>
    <div
      class="_seat_e52c81 _comfort_e52c81 _free_e52c81"
      data-test-disabled="false"
      data-test-id="seat"
      data-test-selected="false"
      style="left: 300px; top: 88px; width: 40px; height: 34px;"
    >
      <span
        class="_seatPlace_e52c81"
        data-test-id="seat-place"
      >
        7
      </span>
    </div>
    <div
      class="_seat_e52c81 _wheelchair_e52c81 _free_e52c81"
      data-test-disabled="false"
      data-test-id="seat"
      data-test-selected="false"
      style="left: 400px; top: 88px; width: 40px; height: 34px;"
    >
      <span
        class="_seatPlace_e52c81"
        data-test-id="seat-place"
      >
        9
      </span>
    </div>
    <div
      class="_seat_e52c81 _regular_e52c81 _free_e52c81"
      data-test-disabled="false"
      data-test-id="seat"
      data-test-selected="false"
      style="left: 0px; top: 132px; width: 40px; height: 34px;"
    >
      <span
        class="_seatPlace_e52c81"
        data-test-id="seat-place"
      >
        1
      </span>
    </div>
    <div
      class="_seat_e52c81 _regular_e52c81 _free_e52c81"
      data-test-disabled="false"
      data-test-id="seat"
      data-test-selected="false"
      style="left: 50px; top: 132px; width: 40px; height: 34px;"
    >
      <span
        class="_seatPlace_e52c81"
        data-test-id="seat-place"
      >
        2
      </span>
    </div>
    <div
      class="_seat_e52c81 _vip_e52c81 _free_e52c81"
      data-test-disabled="false"
      data-test-id="seat"
      data-test-selected="false"
      style="left: 150px; top: 132px; width: 40px; height: 34px;"
    >
      <span
        class="_seatPlace_e52c81"
        data-test-id="seat-place"
      >
        4
      </span>
    </div>
    <div
      class="_seat_e52c81 _vip_e52c81 _free_e52c81"
      data-test-disabled="false"
      data-test-id="seat"
      data-test-selected="false"
      style="left: 200px; top: 132px; width: 40px; height: 34px;"
    >
      <span
        class="_seatPlace_e52c81"
        data-test-id="seat-place"
      >
        5
      </span>
    </div>
    <div
      class="_seat_e52c81 _vip_e52c81 _free_e52c81"
      data-test-disabled="false"
      data-test-id="seat"
      data-test-selected="false"
      style="left: 250px; top: 132px; width: 40px; height: 34px;"
    >
      <span
        class="_seatPlace_e52c81"
        data-test-id="seat-place"
      >
        6
      </span>
    </div>
    <div
      class="_seat_e52c81 _vip_e52c81 _free_e52c81"
      data-test-disabled="false"
      data-test-id="seat"
      data-test-selected="false"
      style="left: 300px; top: 132px; width: 40px; height: 34px;"
    >
      <span
        class="_seatPlace_e52c81"
        data-test-id="seat-place"
      >
        7
      </span>
    </div>
    <div
      class="_seat_e52c81 _regular_e52c81 _free_e52c81"
      data-test-disabled="false"
      data-test-id="seat"
      data-test-selected="false"
      style="left: 400px; top: 132px; width: 40px; height: 34px;"
    >
      <span
        class="_seatPlace_e52c81"
        data-test-id="seat-place"
      >
        9
      </span>
    </div>
  </div>
</div>
`;

exports[`Seats > should support the "cart" prop 2`] = `
<div>
  <div
    class="_canvas_c34224"
    data-test-id="seats-container"
    style="width: 400px; height: 400px;"
  >
    <div
      class="_seat_e52c81 _regular_e52c81 _free_e52c81"
      data-test-disabled="false"
      data-test-id="seat"
      data-test-selected="false"
      style="left: 0px; top: 0px; width: 40px; height: 34px;"
    >
      <span
        class="_seatPlace_e52c81"
        data-test-id="seat-place"
      >
        1
      </span>
    </div>
    <div
      class="_seat_e52c81 _regular_e52c81 _free_e52c81"
      data-test-disabled="false"
      data-test-id="seat"
      data-test-selected="false"
      style="left: 50px; top: 0px; width: 40px; height: 34px;"
    >
      <span
        class="_seatPlace_e52c81"
        data-test-id="seat-place"
      >
        2
      </span>
    </div>
    <div
      class="_seat_e52c81 _regular_e52c81 _free_e52c81"
      data-test-disabled="false"
      data-test-id="seat"
      data-test-selected="false"
      style="left: 150px; top: 0px; width: 40px; height: 34px;"
    >
      <span
        class="_seatPlace_e52c81"
        data-test-id="seat-place"
      >
        4
      </span>
    </div>
    <div
      class="_seat_e52c81 _wheelchair_e52c81 _free_e52c81"
      data-test-disabled="false"
      data-test-id="seat"
      data-test-selected="false"
      style="left: 200px; top: 0px; width: 40px; height: 34px;"
    >
      <span
        class="_seatPlace_e52c81"
        data-test-id="seat-place"
      >
        5
      </span>
    </div>
    <div
      class="_seat_e52c81 _wheelchair_e52c81 _free_e52c81"
      data-test-disabled="false"
      data-test-id="seat"
      data-test-selected="false"
      style="left: 250px; top: 0px; width: 40px; height: 34px;"
    >
      <span
        class="_seatPlace_e52c81"
        data-test-id="seat-place"
      >
        6
      </span>
    </div>
    <div
      class="_seat_e52c81 _regular_e52c81 _free_e52c81"
      data-test-disabled="false"
      data-test-id="seat"
      data-test-selected="false"
      style="left: 300px; top: 0px; width: 40px; height: 34px;"
    >
      <span
        class="_seatPlace_e52c81"
        data-test-id="seat-place"
      >
        7
      </span>
    </div>
    <div
      class="_seat_e52c81 _regular_e52c81 _free_e52c81"
      data-test-disabled="false"
      data-test-id="seat"
      data-test-selected="false"
      style="left: 400px; top: 0px; width: 40px; height: 34px;"
    >
      <span
        class="_seatPlace_e52c81"
        data-test-id="seat-place"
      >
        9
      </span>
    </div>
    <div
      class="_seat_e52c81 _regular_e52c81 _free_e52c81"
      data-test-disabled="false"
      data-test-id="seat"
      data-test-selected="false"
      style="left: 450px; top: 0px; width: 40px; height: 34px;"
    >
      <span
        class="_seatPlace_e52c81"
        data-test-id="seat-place"
      >
        10
      </span>
    </div>
    <div
      class="_seat_e52c81 _regular_e52c81 _free_e52c81"
      data-test-disabled="false"
      data-test-id="seat"
      data-test-selected="false"
      style="left: 500px; top: 0px; width: 40px; height: 34px;"
    >
      <span
        class="_seatPlace_e52c81"
        data-test-id="seat-place"
      >
        11
      </span>
    </div>
    <div
      class="_seat_e52c81 _regular_e52c81 _free_e52c81"
      data-test-disabled="false"
      data-test-id="seat"
      data-test-selected="false"
      style="left: 550px; top: 0px; width: 40px; height: 34px;"
    >
      <span
        class="_seatPlace_e52c81"
        data-test-id="seat-place"
      >
        12
      </span>
    </div>
    <div
      class="_seat_e52c81 _regular_e52c81 _free_e52c81"
      data-test-disabled="false"
      data-test-id="seat"
      data-test-selected="false"
      style="left: 600px; top: 0px; width: 40px; height: 34px;"
    >
      <span
        class="_seatPlace_e52c81"
        data-test-id="seat-place"
      >
        13
      </span>
    </div>
    <div
      class="_seat_e52c81 _comfort_e52c81 _free_e52c81"
      data-test-disabled="false"
      data-test-id="seat"
      data-test-selected="false"
      style="left: 0px; top: 44px; width: 40px; height: 34px;"
    >
      <span
        class="_seatPlace_e52c81"
        data-test-id="seat-place"
      >
        1
      </span>
    </div>
    <div
      class="_seat_e52c81 _comfort_e52c81 _free_e52c81"
      data-test-disabled="false"
      data-test-id="seat"
      data-test-selected="false"
      style="left: 50px; top: 44px; width: 40px; height: 34px;"
    >
      <span
        class="_seatPlace_e52c81"
        data-test-id="seat-place"
      >
        2
      </span>
    </div>
    <div
      class="_seat_e52c81 _regular_e52c81 _free_e52c81"
      data-test-disabled="false"
      data-test-id="seat"
      data-test-selected="false"
      style="left: 150px; top: 44px; width: 40px; height: 34px;"
    >
      <span
        class="_seatPlace_e52c81"
        data-test-id="seat-place"
      >
        4
      </span>
    </div>
    <div
      class="_seat_e52c81 _regular_e52c81 _free_e52c81"
      data-test-disabled="false"
      data-test-id="seat"
      data-test-selected="false"
      style="left: 200px; top: 44px; width: 40px; height: 34px;"
    >
      <span
        class="_seatPlace_e52c81"
        data-test-id="seat-place"
      >
        5
      </span>
    </div>
    <div
      class="_seat_e52c81 _regular_e52c81 _free_e52c81"
      data-test-disabled="false"
      data-test-id="seat"
      data-test-selected="false"
      style="left: 250px; top: 44px; width: 40px; height: 34px;"
    >
      <span
        class="_seatPlace_e52c81"
        data-test-id="seat-place"
      >
        6
      </span>
    </div>
    <div
      class="_seat_e52c81 _regular_e52c81 _free_e52c81"
      data-test-disabled="false"
      data-test-id="seat"
      data-test-selected="false"
      style="left: 300px; top: 44px; width: 40px; height: 34px;"
    >
      <span
        class="_seatPlace_e52c81"
        data-test-id="seat-place"
      >
        7
      </span>
    </div>
    <div
      class="_seat_e52c81 _regular_e52c81 _free_e52c81"
      data-test-disabled="false"
      data-test-id="seat"
      data-test-selected="false"
      style="left: 400px; top: 44px; width: 40px; height: 34px;"
    >
      <span
        class="_seatPlace_e52c81"
        data-test-id="seat-place"
      >
        9
      </span>
    </div>
    <div
      class="_seat_e52c81 _regular_e52c81 _free_e52c81"
      data-test-disabled="false"
      data-test-id="seat"
      data-test-selected="false"
      style="left: 0px; top: 88px; width: 40px; height: 34px;"
    >
      <span
        class="_seatPlace_e52c81"
        data-test-id="seat-place"
      >
        1
      </span>
    </div>
    <div
      class="_seat_e52c81 _regular_e52c81 _free_e52c81"
      data-test-disabled="false"
      data-test-id="seat"
      data-test-selected="false"
      style="left: 50px; top: 88px; width: 40px; height: 34px;"
    >
      <span
        class="_seatPlace_e52c81"
        data-test-id="seat-place"
      >
        2
      </span>
    </div>
    <div
      class="_seat_e52c81 _wheelchair_e52c81 _free_e52c81"
      data-test-disabled="false"
      data-test-id="seat"
      data-test-selected="false"
      style="left: 150px; top: 88px; width: 40px; height: 34px;"
    >
      <span
        class="_seatPlace_e52c81"
        data-test-id="seat-place"
      >
        4
      </span>
    </div>
    <div
      class="_seat_e52c81 _wheelchair_e52c81 _free_e52c81"
      data-test-disabled="false"
      data-test-id="seat"
      data-test-selected="false"
      style="left: 200px; top: 88px; width: 40px; height: 34px;"
    >
      <span
        class="_seatPlace_e52c81"
        data-test-id="seat-place"
      >
        5
      </span>
    </div>
    <div
      class="_seat_e52c81 _wheelchair_e52c81 _free_e52c81"
      data-test-disabled="false"
      data-test-id="seat"
      data-test-selected="false"
      style="left: 250px; top: 88px; width: 40px; height: 34px;"
    >
      <span
        class="_seatPlace_e52c81"
        data-test-id="seat-place"
      >
        6
      </span>
    </div>
    <div
      class="_seat_e52c81 _comfort_e52c81 _free_e52c81"
      data-test-disabled="false"
      data-test-id="seat"
      data-test-selected="false"
      style="left: 300px; top: 88px; width: 40px; height: 34px;"
    >
      <span
        class="_seatPlace_e52c81"
        data-test-id="seat-place"
      >
        7
      </span>
    </div>
    <div
      class="_seat_e52c81 _wheelchair_e52c81 _free_e52c81"
      data-test-disabled="false"
      data-test-id="seat"
      data-test-selected="false"
      style="left: 400px; top: 88px; width: 40px; height: 34px;"
    >
      <span
        class="_seatPlace_e52c81"
        data-test-id="seat-place"
      >
        9
      </span>
    </div>
    <div
      class="_seat_e52c81 _regular_e52c81 _free_e52c81"
      data-test-disabled="false"
      data-test-id="seat"
      data-test-selected="false"
      style="left: 0px; top: 132px; width: 40px; height: 34px;"
    >
      <span
        class="_seatPlace_e52c81"
        data-test-id="seat-place"
      >
        1
      </span>
    </div>
    <div
      class="_seat_e52c81 _regular_e52c81 _free_e52c81"
      data-test-disabled="false"
      data-test-id="seat"
      data-test-selected="false"
      style="left: 50px; top: 132px; width: 40px; height: 34px;"
    >
      <span
        class="_seatPlace_e52c81"
        data-test-id="seat-place"
      >
        2
      </span>
    </div>
    <div
      class="_seat_e52c81 _vip_e52c81 _free_e52c81"
      data-test-disabled="false"
      data-test-id="seat"
      data-test-selected="false"
      style="left: 150px; top: 132px; width: 40px; height: 34px;"
    >
      <span
        class="_seatPlace_e52c81"
        data-test-id="seat-place"
      >
        4
      </span>
    </div>
    <div
      class="_seat_e52c81 _vip_e52c81 _free_e52c81"
      data-test-disabled="false"
      data-test-id="seat"
      data-test-selected="false"
      style="left: 200px; top: 132px; width: 40px; height: 34px;"
    >
      <span
        class="_seatPlace_e52c81"
        data-test-id="seat-place"
      >
        5
      </span>
    </div>
    <div
      class="_seat_e52c81 _vip_e52c81 _free_e52c81"
      data-test-disabled="false"
      data-test-id="seat"
      data-test-selected="false"
      style="left: 250px; top: 132px; width: 40px; height: 34px;"
    >
      <span
        class="_seatPlace_e52c81"
        data-test-id="seat-place"
      >
        6
      </span>
    </div>
    <div
      class="_seat_e52c81 _vip_e52c81 _free_e52c81"
      data-test-disabled="false"
      data-test-id="seat"
      data-test-selected="false"
      style="left: 300px; top: 132px; width: 40px; height: 34px;"
    >
      <span
        class="_seatPlace_e52c81"
        data-test-id="seat-place"
      >
        7
      </span>
    </div>
    <div
      class="_seat_e52c81 _regular_e52c81 _selected_e52c81"
      data-test-disabled="false"
      data-test-id="seat"
      data-test-selected="true"
      style="left: 400px; top: 132px; width: 40px; height: 34px;"
    >
      <span
        class="_seatPlace_e52c81"
        data-test-id="seat-place"
      >
        9
      </span>
    </div>
  </div>
</div>
`;

exports[`Seats > should support the "seats" prop 1`] = `
<div>
  <div
    class="_canvas_c34224"
    data-test-id="seats-container"
    style="width: 400px; height: 400px;"
  />
</div>
`;

exports[`Seats > should support the "seats" prop 2`] = `
<div>
  <div
    class="_canvas_c34224"
    data-test-id="seats-container"
    style="width: 400px; height: 400px;"
  >
    <div
      class="_seat_e52c81 _regular_e52c81 _free_e52c81"
      data-test-disabled="false"
      data-test-id="seat"
      data-test-selected="false"
      style="left: 0px; top: 0px; width: 40px; height: 34px;"
    >
      <span
        class="_seatPlace_e52c81"
        data-test-id="seat-place"
      >
        1
      </span>
    </div>
    <div
      class="_seat_e52c81 _regular_e52c81 _free_e52c81"
      data-test-disabled="false"
      data-test-id="seat"
      data-test-selected="false"
      style="left: 50px; top: 0px; width: 40px; height: 34px;"
    >
      <span
        class="_seatPlace_e52c81"
        data-test-id="seat-place"
      >
        2
      </span>
    </div>
    <div
      class="_seat_e52c81 _regular_e52c81 _free_e52c81"
      data-test-disabled="false"
      data-test-id="seat"
      data-test-selected="false"
      style="left: 150px; top: 0px; width: 40px; height: 34px;"
    >
      <span
        class="_seatPlace_e52c81"
        data-test-id="seat-place"
      >
        4
      </span>
    </div>
    <div
      class="_seat_e52c81 _wheelchair_e52c81 _free_e52c81"
      data-test-disabled="false"
      data-test-id="seat"
      data-test-selected="false"
      style="left: 200px; top: 0px; width: 40px; height: 34px;"
    >
      <span
        class="_seatPlace_e52c81"
        data-test-id="seat-place"
      >
        5
      </span>
    </div>
    <div
      class="_seat_e52c81 _wheelchair_e52c81 _free_e52c81"
      data-test-disabled="false"
      data-test-id="seat"
      data-test-selected="false"
      style="left: 250px; top: 0px; width: 40px; height: 34px;"
    >
      <span
        class="_seatPlace_e52c81"
        data-test-id="seat-place"
      >
        6
      </span>
    </div>
    <div
      class="_seat_e52c81 _regular_e52c81 _free_e52c81"
      data-test-disabled="false"
      data-test-id="seat"
      data-test-selected="false"
      style="left: 300px; top: 0px; width: 40px; height: 34px;"
    >
      <span
        class="_seatPlace_e52c81"
        data-test-id="seat-place"
      >
        7
      </span>
    </div>
    <div
      class="_seat_e52c81 _regular_e52c81 _free_e52c81"
      data-test-disabled="false"
      data-test-id="seat"
      data-test-selected="false"
      style="left: 400px; top: 0px; width: 40px; height: 34px;"
    >
      <span
        class="_seatPlace_e52c81"
        data-test-id="seat-place"
      >
        9
      </span>
    </div>
    <div
      class="_seat_e52c81 _regular_e52c81 _free_e52c81"
      data-test-disabled="false"
      data-test-id="seat"
      data-test-selected="false"
      style="left: 450px; top: 0px; width: 40px; height: 34px;"
    >
      <span
        class="_seatPlace_e52c81"
        data-test-id="seat-place"
      >
        10
      </span>
    </div>
    <div
      class="_seat_e52c81 _regular_e52c81 _free_e52c81"
      data-test-disabled="false"
      data-test-id="seat"
      data-test-selected="false"
      style="left: 500px; top: 0px; width: 40px; height: 34px;"
    >
      <span
        class="_seatPlace_e52c81"
        data-test-id="seat-place"
      >
        11
      </span>
    </div>
    <div
      class="_seat_e52c81 _regular_e52c81 _free_e52c81"
      data-test-disabled="false"
      data-test-id="seat"
      data-test-selected="false"
      style="left: 550px; top: 0px; width: 40px; height: 34px;"
    >
      <span
        class="_seatPlace_e52c81"
        data-test-id="seat-place"
      >
        12
      </span>
    </div>
    <div
      class="_seat_e52c81 _regular_e52c81 _free_e52c81"
      data-test-disabled="false"
      data-test-id="seat"
      data-test-selected="false"
      style="left: 600px; top: 0px; width: 40px; height: 34px;"
    >
      <span
        class="_seatPlace_e52c81"
        data-test-id="seat-place"
      >
        13
      </span>
    </div>
    <div
      class="_seat_e52c81 _comfort_e52c81 _free_e52c81"
      data-test-disabled="false"
      data-test-id="seat"
      data-test-selected="false"
      style="left: 0px; top: 44px; width: 40px; height: 34px;"
    >
      <span
        class="_seatPlace_e52c81"
        data-test-id="seat-place"
      >
        1
      </span>
    </div>
    <div
      class="_seat_e52c81 _comfort_e52c81 _free_e52c81"
      data-test-disabled="false"
      data-test-id="seat"
      data-test-selected="false"
      style="left: 50px; top: 44px; width: 40px; height: 34px;"
    >
      <span
        class="_seatPlace_e52c81"
        data-test-id="seat-place"
      >
        2
      </span>
    </div>
    <div
      class="_seat_e52c81 _regular_e52c81 _free_e52c81"
      data-test-disabled="false"
      data-test-id="seat"
      data-test-selected="false"
      style="left: 150px; top: 44px; width: 40px; height: 34px;"
    >
      <span
        class="_seatPlace_e52c81"
        data-test-id="seat-place"
      >
        4
      </span>
    </div>
    <div
      class="_seat_e52c81 _regular_e52c81 _free_e52c81"
      data-test-disabled="false"
      data-test-id="seat"
      data-test-selected="false"
      style="left: 200px; top: 44px; width: 40px; height: 34px;"
    >
      <span
        class="_seatPlace_e52c81"
        data-test-id="seat-place"
      >
        5
      </span>
    </div>
    <div
      class="_seat_e52c81 _regular_e52c81 _free_e52c81"
      data-test-disabled="false"
      data-test-id="seat"
      data-test-selected="false"
      style="left: 250px; top: 44px; width: 40px; height: 34px;"
    >
      <span
        class="_seatPlace_e52c81"
        data-test-id="seat-place"
      >
        6
      </span>
    </div>
    <div
      class="_seat_e52c81 _regular_e52c81 _free_e52c81"
      data-test-disabled="false"
      data-test-id="seat"
      data-test-selected="false"
      style="left: 300px; top: 44px; width: 40px; height: 34px;"
    >
      <span
        class="_seatPlace_e52c81"
        data-test-id="seat-place"
      >
        7
      </span>
    </div>
    <div
      class="_seat_e52c81 _regular_e52c81 _free_e52c81"
      data-test-disabled="false"
      data-test-id="seat"
      data-test-selected="false"
      style="left: 400px; top: 44px; width: 40px; height: 34px;"
    >
      <span
        class="_seatPlace_e52c81"
        data-test-id="seat-place"
      >
        9
      </span>
    </div>
    <div
      class="_seat_e52c81 _regular_e52c81 _free_e52c81"
      data-test-disabled="false"
      data-test-id="seat"
      data-test-selected="false"
      style="left: 0px; top: 88px; width: 40px; height: 34px;"
    >
      <span
        class="_seatPlace_e52c81"
        data-test-id="seat-place"
      >
        1
      </span>
    </div>
    <div
      class="_seat_e52c81 _regular_e52c81 _free_e52c81"
      data-test-disabled="false"
      data-test-id="seat"
      data-test-selected="false"
      style="left: 50px; top: 88px; width: 40px; height: 34px;"
    >
      <span
        class="_seatPlace_e52c81"
        data-test-id="seat-place"
      >
        2
      </span>
    </div>
    <div
      class="_seat_e52c81 _wheelchair_e52c81 _free_e52c81"
      data-test-disabled="false"
      data-test-id="seat"
      data-test-selected="false"
      style="left: 150px; top: 88px; width: 40px; height: 34px;"
    >
      <span
        class="_seatPlace_e52c81"
        data-test-id="seat-place"
      >
        4
      </span>
    </div>
    <div
      class="_seat_e52c81 _wheelchair_e52c81 _free_e52c81"
      data-test-disabled="false"
      data-test-id="seat"
      data-test-selected="false"
      style="left: 200px; top: 88px; width: 40px; height: 34px;"
    >
      <span
        class="_seatPlace_e52c81"
        data-test-id="seat-place"
      >
        5
      </span>
    </div>
    <div
      class="_seat_e52c81 _wheelchair_e52c81 _free_e52c81"
      data-test-disabled="false"
      data-test-id="seat"
      data-test-selected="false"
      style="left: 250px; top: 88px; width: 40px; height: 34px;"
    >
      <span
        class="_seatPlace_e52c81"
        data-test-id="seat-place"
      >
        6
      </span>
    </div>
    <div
      class="_seat_e52c81 _comfort_e52c81 _free_e52c81"
      data-test-disabled="false"
      data-test-id="seat"
      data-test-selected="false"
      style="left: 300px; top: 88px; width: 40px; height: 34px;"
    >
      <span
        class="_seatPlace_e52c81"
        data-test-id="seat-place"
      >
        7
      </span>
    </div>
    <div
      class="_seat_e52c81 _wheelchair_e52c81 _free_e52c81"
      data-test-disabled="false"
      data-test-id="seat"
      data-test-selected="false"
      style="left: 400px; top: 88px; width: 40px; height: 34px;"
    >
      <span
        class="_seatPlace_e52c81"
        data-test-id="seat-place"
      >
        9
      </span>
    </div>
    <div
      class="_seat_e52c81 _regular_e52c81 _free_e52c81"
      data-test-disabled="false"
      data-test-id="seat"
      data-test-selected="false"
      style="left: 0px; top: 132px; width: 40px; height: 34px;"
    >
      <span
        class="_seatPlace_e52c81"
        data-test-id="seat-place"
      >
        1
      </span>
    </div>
    <div
      class="_seat_e52c81 _regular_e52c81 _free_e52c81"
      data-test-disabled="false"
      data-test-id="seat"
      data-test-selected="false"
      style="left: 50px; top: 132px; width: 40px; height: 34px;"
    >
      <span
        class="_seatPlace_e52c81"
        data-test-id="seat-place"
      >
        2
      </span>
    </div>
    <div
      class="_seat_e52c81 _vip_e52c81 _free_e52c81"
      data-test-disabled="false"
      data-test-id="seat"
      data-test-selected="false"
      style="left: 150px; top: 132px; width: 40px; height: 34px;"
    >
      <span
        class="_seatPlace_e52c81"
        data-test-id="seat-place"
      >
        4
      </span>
    </div>
    <div
      class="_seat_e52c81 _vip_e52c81 _free_e52c81"
      data-test-disabled="false"
      data-test-id="seat"
      data-test-selected="false"
      style="left: 200px; top: 132px; width: 40px; height: 34px;"
    >
      <span
        class="_seatPlace_e52c81"
        data-test-id="seat-place"
      >
        5
      </span>
    </div>
    <div
      class="_seat_e52c81 _vip_e52c81 _free_e52c81"
      data-test-disabled="false"
      data-test-id="seat"
      data-test-selected="false"
      style="left: 250px; top: 132px; width: 40px; height: 34px;"
    >
      <span
        class="_seatPlace_e52c81"
        data-test-id="seat-place"
      >
        6
      </span>
    </div>
    <div
      class="_seat_e52c81 _vip_e52c81 _free_e52c81"
      data-test-disabled="false"
      data-test-id="seat"
      data-test-selected="false"
      style="left: 300px; top: 132px; width: 40px; height: 34px;"
    >
      <span
        class="_seatPlace_e52c81"
        data-test-id="seat-place"
      >
        7
      </span>
    </div>
    <div
      class="_seat_e52c81 _regular_e52c81 _selected_e52c81"
      data-test-disabled="false"
      data-test-id="seat"
      data-test-selected="true"
      style="left: 400px; top: 132px; width: 40px; height: 34px;"
    >
      <span
        class="_seatPlace_e52c81"
        data-test-id="seat-place"
      >
        9
      </span>
    </div>
  </div>
</div>
`;
