// Vitest Snapshot v1, https://vitest.dev/guide/snapshot.html

exports[`Info > should correspond default layout 1`] = `
<div>
  <p
    class="_info_1a8a63"
  >
    You have selected 
    <span
      class="_infoText_1a8a63"
    >
      0
    </span>
     seats for a price of
    <span
      class="_infoText_1a8a63"
    >
       $
      0
    </span>
  </p>
</div>
`;
