// Vitest Snapshot v1, https://vitest.dev/guide/snapshot.html

exports[`Seats > should correspond default layout 1`] = `
<div>
  <div
    class="_seats_fafe62"
  >
    <button
      class="_seat_357f74"
      type="button"
    />
    <button
      class="_seat_357f74"
      type="button"
    />
    <button
      class="_seat_357f74"
      type="button"
    />
    <button
      class="_seat_357f74"
      type="button"
    />
    <button
      class="_seat_357f74"
      type="button"
    />
    <button
      class="_seat_357f74"
      type="button"
    />
    <button
      class="_seat_357f74"
      type="button"
    />
    <button
      class="_seat_357f74"
      type="button"
    />
    <button
      class="_seat_357f74"
      type="button"
    />
    <button
      class="_seat_357f74"
      type="button"
    />
    <button
      class="_seat_357f74 _occupied_357f74"
      disabled=""
      type="button"
    />
    <button
      class="_seat_357f74 _occupied_357f74"
      disabled=""
      type="button"
    />
    <button
      class="_seat_357f74"
      type="button"
    />
    <button
      class="_seat_357f74"
      type="button"
    />
  </div>
  <div
    class="_seats_fafe62"
  >
    <button
      class="_seat_357f74"
      type="button"
    />
    <button
      class="_seat_357f74"
      type="button"
    />
    <button
      class="_seat_357f74"
      type="button"
    />
    <button
      class="_seat_357f74"
      type="button"
    />
    <button
      class="_seat_357f74"
      type="button"
    />
    <button
      class="_seat_357f74"
      type="button"
    />
    <button
      class="_seat_357f74"
      type="button"
    />
    <button
      class="_seat_357f74"
      type="button"
    />
    <button
      class="_seat_357f74"
      type="button"
    />
    <button
      class="_seat_357f74"
      type="button"
    />
    <button
      class="_seat_357f74"
      type="button"
    />
    <button
      class="_seat_357f74"
      type="button"
    />
    <button
      class="_seat_357f74"
      type="button"
    />
    <button
      class="_seat_357f74"
      type="button"
    />
  </div>
  <div
    class="_seats_fafe62"
  >
    <button
      class="_seat_357f74"
      type="button"
    />
    <button
      class="_seat_357f74"
      type="button"
    />
    <button
      class="_seat_357f74"
      type="button"
    />
    <button
      class="_seat_357f74"
      type="button"
    />
    <button
      class="_seat_357f74"
      type="button"
    />
    <button
      class="_seat_357f74 _occupied_357f74"
      disabled=""
      type="button"
    />
    <button
      class="_seat_357f74 _occupied_357f74"
      disabled=""
      type="button"
    />
    <button
      class="_seat_357f74"
      type="button"
    />
    <button
      class="_seat_357f74"
      type="button"
    />
    <button
      class="_seat_357f74"
      type="button"
    />
    <button
      class="_seat_357f74"
      type="button"
    />
    <button
      class="_seat_357f74"
      type="button"
    />
    <button
      class="_seat_357f74"
      type="button"
    />
    <button
      class="_seat_357f74"
      type="button"
    />
  </div>
  <div
    class="_seats_fafe62"
  >
    <button
      class="_seat_357f74 _occupied_357f74"
      disabled=""
      type="button"
    />
    <button
      class="_seat_357f74"
      type="button"
    />
    <button
      class="_seat_357f74"
      type="button"
    />
    <button
      class="_seat_357f74"
      type="button"
    />
    <button
      class="_seat_357f74"
      type="button"
    />
    <button
      class="_seat_357f74"
      type="button"
    />
    <button
      class="_seat_357f74"
      type="button"
    />
    <button
      class="_seat_357f74"
      type="button"
    />
    <button
      class="_seat_357f74"
      type="button"
    />
    <button
      class="_seat_357f74"
      type="button"
    />
    <button
      class="_seat_357f74"
      type="button"
    />
    <button
      class="_seat_357f74"
      type="button"
    />
    <button
      class="_seat_357f74"
      type="button"
    />
    <button
      class="_seat_357f74"
      type="button"
    />
  </div>
  <div
    class="_seats_fafe62"
  >
    <button
      class="_seat_357f74"
      type="button"
    />
    <button
      class="_seat_357f74"
      type="button"
    />
    <button
      class="_seat_357f74"
      type="button"
    />
    <button
      class="_seat_357f74"
      type="button"
    />
    <button
      class="_seat_357f74 _occupied_357f74"
      disabled=""
      type="button"
    />
    <button
      class="_seat_357f74"
      type="button"
    />
    <button
      class="_seat_357f74"
      type="button"
    />
    <button
      class="_seat_357f74"
      type="button"
    />
    <button
      class="_seat_357f74"
      type="button"
    />
    <button
      class="_seat_357f74"
      type="button"
    />
    <button
      class="_seat_357f74"
      type="button"
    />
    <button
      class="_seat_357f74"
      type="button"
    />
    <button
      class="_seat_357f74"
      type="button"
    />
    <button
      class="_seat_357f74"
      type="button"
    />
  </div>
</div>
`;
