// Vitest Snapshot v1, https://vitest.dev/guide/snapshot.html

exports[`Order > should correspond default layout 1`] = `
<div>
  <main
    class="_order_e24c8b"
  >
    <div
      class="_layout_762df9 _orderLayout_e24c8b"
    >
      <h1>
        Order
      </h1>
      <ul
        class="_legend_28be33"
      >
        <li
          class="_legendItem_28be33"
        >
          <button
            class="_seat_aa3898 _legendItemSeat_28be33 _disabled_aa3898"
            type="button"
          />
          <small>
            N/A
          </small>
        </li>
        <li
          class="_legendItem_28be33"
        >
          <button
            class="_seat_aa3898 _legendItemSeat_28be33 _selected_aa3898 _disabled_aa3898"
            type="button"
          />
          <small>
            Selected
          </small>
        </li>
        <li
          class="_legendItem_28be33"
        >
          <button
            class="_seat_aa3898 _legendItemSeat_28be33 _occupied_aa3898"
            disabled=""
            type="button"
          />
          <small>
            Occupied
          </small>
        </li>
      </ul>
      <div
        class="_hall_20f54f"
      >
        <div
          class="_hallScreen_20f54f"
        />
        <div
          class="_seats_ba4be0"
        >
          <div
            class="_seatsRow_ba4be0"
          >
            <button
              class="_seat_aa3898"
              type="button"
            />
            <button
              class="_seat_aa3898"
              type="button"
            />
            <button
              class="_seat_aa3898"
              type="button"
            />
            <button
              class="_seat_aa3898"
              type="button"
            />
            <button
              class="_seat_aa3898"
              type="button"
            />
            <button
              class="_seat_aa3898"
              type="button"
            />
            <button
              class="_seat_aa3898"
              type="button"
            />
            <button
              class="_seat_aa3898"
              type="button"
            />
            <button
              class="_seat_aa3898"
              type="button"
            />
            <button
              class="_seat_aa3898"
              type="button"
            />
            <button
              class="_seat_aa3898 _occupied_aa3898"
              disabled=""
              type="button"
            />
            <button
              class="_seat_aa3898 _occupied_aa3898"
              disabled=""
              type="button"
            />
            <button
              class="_seat_aa3898"
              type="button"
            />
            <button
              class="_seat_aa3898"
              type="button"
            />
          </div>
          <div
            class="_seatsRow_ba4be0"
          >
            <button
              class="_seat_aa3898"
              type="button"
            />
            <button
              class="_seat_aa3898"
              type="button"
            />
            <button
              class="_seat_aa3898"
              type="button"
            />
            <button
              class="_seat_aa3898"
              type="button"
            />
            <button
              class="_seat_aa3898"
              type="button"
            />
            <button
              class="_seat_aa3898"
              type="button"
            />
            <button
              class="_seat_aa3898"
              type="button"
            />
            <button
              class="_seat_aa3898"
              type="button"
            />
            <button
              class="_seat_aa3898"
              type="button"
            />
            <button
              class="_seat_aa3898"
              type="button"
            />
            <button
              class="_seat_aa3898"
              type="button"
            />
            <button
              class="_seat_aa3898"
              type="button"
            />
            <button
              class="_seat_aa3898"
              type="button"
            />
            <button
              class="_seat_aa3898"
              type="button"
            />
          </div>
          <div
            class="_seatsRow_ba4be0"
          >
            <button
              class="_seat_aa3898"
              type="button"
            />
            <button
              class="_seat_aa3898"
              type="button"
            />
            <button
              class="_seat_aa3898"
              type="button"
            />
            <button
              class="_seat_aa3898"
              type="button"
            />
            <button
              class="_seat_aa3898"
              type="button"
            />
            <button
              class="_seat_aa3898 _occupied_aa3898"
              disabled=""
              type="button"
            />
            <button
              class="_seat_aa3898 _occupied_aa3898"
              disabled=""
              type="button"
            />
            <button
              class="_seat_aa3898"
              type="button"
            />
            <button
              class="_seat_aa3898"
              type="button"
            />
            <button
              class="_seat_aa3898"
              type="button"
            />
            <button
              class="_seat_aa3898"
              type="button"
            />
            <button
              class="_seat_aa3898"
              type="button"
            />
            <button
              class="_seat_aa3898"
              type="button"
            />
            <button
              class="_seat_aa3898"
              type="button"
            />
          </div>
          <div
            class="_seatsRow_ba4be0"
          >
            <button
              class="_seat_aa3898 _occupied_aa3898"
              disabled=""
              type="button"
            />
            <button
              class="_seat_aa3898"
              type="button"
            />
            <button
              class="_seat_aa3898"
              type="button"
            />
            <button
              class="_seat_aa3898"
              type="button"
            />
            <button
              class="_seat_aa3898"
              type="button"
            />
            <button
              class="_seat_aa3898"
              type="button"
            />
            <button
              class="_seat_aa3898"
              type="button"
            />
            <button
              class="_seat_aa3898"
              type="button"
            />
            <button
              class="_seat_aa3898"
              type="button"
            />
            <button
              class="_seat_aa3898"
              type="button"
            />
            <button
              class="_seat_aa3898"
              type="button"
            />
            <button
              class="_seat_aa3898"
              type="button"
            />
            <button
              class="_seat_aa3898"
              type="button"
            />
            <button
              class="_seat_aa3898"
              type="button"
            />
          </div>
          <div
            class="_seatsRow_ba4be0"
          >
            <button
              class="_seat_aa3898"
              type="button"
            />
            <button
              class="_seat_aa3898"
              type="button"
            />
            <button
              class="_seat_aa3898"
              type="button"
            />
            <button
              class="_seat_aa3898"
              type="button"
            />
            <button
              class="_seat_aa3898 _occupied_aa3898"
              disabled=""
              type="button"
            />
            <button
              class="_seat_aa3898"
              type="button"
            />
            <button
              class="_seat_aa3898"
              type="button"
            />
            <button
              class="_seat_aa3898"
              type="button"
            />
            <button
              class="_seat_aa3898"
              type="button"
            />
            <button
              class="_seat_aa3898"
              type="button"
            />
            <button
              class="_seat_aa3898"
              type="button"
            />
            <button
              class="_seat_aa3898"
              type="button"
            />
            <button
              class="_seat_aa3898"
              type="button"
            />
            <button
              class="_seat_aa3898"
              type="button"
            />
          </div>
        </div>
      </div>
      <p
        class="_info_1a8a63"
      >
        You have selected 
        <span
          class="_infoText_1a8a63"
        >
          0
        </span>
         seats for a price of
        <span
          class="_infoText_1a8a63"
        >
           $
          0
        </span>
      </p>
    </div>
  </main>
</div>
`;
