// Vitest Snapshot v1, https://vitest.dev/guide/snapshot.html

exports[`PreCheck > should correspond default layout 1`] = `<div />`;

exports[`PreCheck > should support the "cart" prop 1`] = `<div />`;

exports[`PreCheck > should support the "cart" prop 2`] = `
<div>
  <section
    class="_preCheck_682d14"
  >
    <h2
      class="_preCheckTitle_682d14"
    >
      Chosen places
    </h2>
    <ul
      class="_preCheckList_682d14"
    >
      <li
        class="_preCheckItem_682d14"
      >
        <p>
          1
           row, 
          1
           place
        </p>
        <p>
          regular
        </p>
        <div
          class="_preCheckItemControls_682d14"
        >
          <select
            class="_preCheckItemSelect_682d14"
            name="ticket-type"
          />
          <span>
            100
             RUB
          </span>
          <button
            class="_preCheckItemRemoveButton_682d14 _button_d1d523"
          >
            Remove
          </button>
        </div>
      </li>
    </ul>
  </section>
</div>
`;
