// Vitest Snapshot v1, https://vitest.dev/guide/snapshot.html

exports[`LocationList > should correspond default layout 1`] = `
<div>
  <div
    class="_locationList_32c71b"
    data-test-id="location-list"
  >
    <div
      class="_locationListItem_ecec66"
      data-test-id="location-list-item"
    >
      <button
        class="_locationButton_ecec66"
      >
        Москва и МО
      </button>
    </div>
    <div
      class="_locationListItem_ecec66"
      data-test-id="location-list-item"
    >
      <button
        class="_locationButton_ecec66"
      >
        Астрахань
      </button>
    </div>
    <div
      class="_locationListItem_ecec66"
      data-test-id="location-list-item"
    >
      <button
        class="_locationButton_ecec66"
      >
        Владивосток
      </button>
    </div>
    <div
      class="_locationListItem_ecec66"
      data-test-id="location-list-item"
    >
      <button
        class="_locationButton_ecec66"
      >
        Владимир
      </button>
    </div>
    <div
      class="_locationListItem_ecec66"
      data-test-id="location-list-item"
    >
      <button
        class="_locationButton_ecec66"
      >
        Волгоград
      </button>
    </div>
    <div
      class="_locationListItem_ecec66"
      data-test-id="location-list-item"
    >
      <button
        class="_locationButton_ecec66"
      >
        Волжский
      </button>
    </div>
    <div
      class="_locationListItem_ecec66"
      data-test-id="location-list-item"
    >
      <button
        class="_locationButton_ecec66"
      >
        Екатеринбург
      </button>
    </div>
    <div
      class="_locationListItem_ecec66"
      data-test-id="location-list-item"
    >
      <button
        class="_locationButton_ecec66"
      >
        Ижевск
      </button>
    </div>
    <div
      class="_locationListItem_ecec66"
      data-test-id="location-list-item"
    >
      <button
        class="_locationButton_ecec66"
      >
        Иркутск
      </button>
    </div>
    <div
      class="_locationListItem_ecec66"
      data-test-id="location-list-item"
    >
      <button
        class="_locationButton_ecec66"
      >
        Казань
      </button>
    </div>
    <div
      class="_locationListItem_ecec66"
      data-test-id="location-list-item"
    >
      <button
        class="_locationButton_ecec66"
      >
        Красноярск
      </button>
    </div>
    <div
      class="_locationListItem_ecec66"
      data-test-id="location-list-item"
    >
      <button
        class="_locationButton_ecec66"
      >
        Липецк
      </button>
    </div>
    <div
      class="_locationListItem_ecec66"
      data-test-id="location-list-item"
    >
      <button
        class="_locationButton_ecec66"
      >
        Пермь
      </button>
    </div>
    <div
      class="_locationListItem_ecec66"
      data-test-id="location-list-item"
    >
      <button
        class="_locationButton_ecec66"
      >
        Ростов-на-Дону
      </button>
    </div>
    <div
      class="_locationListItem_ecec66"
      data-test-id="location-list-item"
    >
      <button
        class="_locationButton_ecec66"
      >
        Рязань
      </button>
    </div>
    <div
      class="_locationListItem_ecec66"
      data-test-id="location-list-item"
    >
      <button
        class="_locationButton_ecec66"
      >
        Самара
      </button>
    </div>
    <div
      class="_locationListItem_ecec66"
      data-test-id="location-list-item"
    >
      <button
        class="_locationButton_ecec66"
      >
        Тамбов
      </button>
    </div>
    <div
      class="_locationListItem_ecec66"
      data-test-id="location-list-item"
    >
      <button
        class="_locationButton_ecec66"
      >
        Томск
      </button>
    </div>
    <div
      class="_locationListItem_ecec66"
      data-test-id="location-list-item"
    >
      <button
        class="_locationButton_ecec66"
      >
        Тюмень
      </button>
    </div>
    <div
      class="_locationListItem_ecec66"
      data-test-id="location-list-item"
    >
      <button
        class="_locationButton_ecec66"
      >
        Уфа
      </button>
    </div>
    <div
      class="_locationListItem_ecec66"
      data-test-id="location-list-item"
    >
      <button
        class="_locationButton_ecec66"
      >
        Челябинск
      </button>
    </div>
    <div
      class="_locationListItem_ecec66"
      data-test-id="location-list-item"
    >
      <button
        class="_locationButton_ecec66"
      >
        Ярославль
      </button>
    </div>
  </div>
</div>
`;

exports[`LocationList > should support the "className" prop 1`] = `
<div>
  <div
    class="_locationList_32c71b custom-class"
    data-test-id="location-list"
  >
    <div
      class="_locationListItem_ecec66"
      data-test-id="location-list-item"
    >
      <button
        class="_locationButton_ecec66"
      >
        Москва и МО
      </button>
    </div>
    <div
      class="_locationListItem_ecec66"
      data-test-id="location-list-item"
    >
      <button
        class="_locationButton_ecec66"
      >
        Астрахань
      </button>
    </div>
    <div
      class="_locationListItem_ecec66"
      data-test-id="location-list-item"
    >
      <button
        class="_locationButton_ecec66"
      >
        Владивосток
      </button>
    </div>
    <div
      class="_locationListItem_ecec66"
      data-test-id="location-list-item"
    >
      <button
        class="_locationButton_ecec66"
      >
        Владимир
      </button>
    </div>
    <div
      class="_locationListItem_ecec66"
      data-test-id="location-list-item"
    >
      <button
        class="_locationButton_ecec66"
      >
        Волгоград
      </button>
    </div>
    <div
      class="_locationListItem_ecec66"
      data-test-id="location-list-item"
    >
      <button
        class="_locationButton_ecec66"
      >
        Волжский
      </button>
    </div>
    <div
      class="_locationListItem_ecec66"
      data-test-id="location-list-item"
    >
      <button
        class="_locationButton_ecec66"
      >
        Екатеринбург
      </button>
    </div>
    <div
      class="_locationListItem_ecec66"
      data-test-id="location-list-item"
    >
      <button
        class="_locationButton_ecec66"
      >
        Ижевск
      </button>
    </div>
    <div
      class="_locationListItem_ecec66"
      data-test-id="location-list-item"
    >
      <button
        class="_locationButton_ecec66"
      >
        Иркутск
      </button>
    </div>
    <div
      class="_locationListItem_ecec66"
      data-test-id="location-list-item"
    >
      <button
        class="_locationButton_ecec66"
      >
        Казань
      </button>
    </div>
    <div
      class="_locationListItem_ecec66"
      data-test-id="location-list-item"
    >
      <button
        class="_locationButton_ecec66"
      >
        Красноярск
      </button>
    </div>
    <div
      class="_locationListItem_ecec66"
      data-test-id="location-list-item"
    >
      <button
        class="_locationButton_ecec66"
      >
        Липецк
      </button>
    </div>
    <div
      class="_locationListItem_ecec66"
      data-test-id="location-list-item"
    >
      <button
        class="_locationButton_ecec66"
      >
        Пермь
      </button>
    </div>
    <div
      class="_locationListItem_ecec66"
      data-test-id="location-list-item"
    >
      <button
        class="_locationButton_ecec66"
      >
        Ростов-на-Дону
      </button>
    </div>
    <div
      class="_locationListItem_ecec66"
      data-test-id="location-list-item"
    >
      <button
        class="_locationButton_ecec66"
      >
        Рязань
      </button>
    </div>
    <div
      class="_locationListItem_ecec66"
      data-test-id="location-list-item"
    >
      <button
        class="_locationButton_ecec66"
      >
        Самара
      </button>
    </div>
    <div
      class="_locationListItem_ecec66"
      data-test-id="location-list-item"
    >
      <button
        class="_locationButton_ecec66"
      >
        Тамбов
      </button>
    </div>
    <div
      class="_locationListItem_ecec66"
      data-test-id="location-list-item"
    >
      <button
        class="_locationButton_ecec66"
      >
        Томск
      </button>
    </div>
    <div
      class="_locationListItem_ecec66"
      data-test-id="location-list-item"
    >
      <button
        class="_locationButton_ecec66"
      >
        Тюмень
      </button>
    </div>
    <div
      class="_locationListItem_ecec66"
      data-test-id="location-list-item"
    >
      <button
        class="_locationButton_ecec66"
      >
        Уфа
      </button>
    </div>
    <div
      class="_locationListItem_ecec66"
      data-test-id="location-list-item"
    >
      <button
        class="_locationButton_ecec66"
      >
        Челябинск
      </button>
    </div>
    <div
      class="_locationListItem_ecec66"
      data-test-id="location-list-item"
    >
      <button
        class="_locationButton_ecec66"
      >
        Ярославль
      </button>
    </div>
  </div>
</div>
`;

exports[`LocationList > should support the "className" prop 2`] = `
<div>
  <div
    class="_locationList_32c71b custom-class-v2"
    data-test-id="location-list"
  >
    <div
      class="_locationListItem_ecec66"
      data-test-id="location-list-item"
    >
      <button
        class="_locationButton_ecec66"
      >
        Москва и МО
      </button>
    </div>
    <div
      class="_locationListItem_ecec66"
      data-test-id="location-list-item"
    >
      <button
        class="_locationButton_ecec66"
      >
        Астрахань
      </button>
    </div>
    <div
      class="_locationListItem_ecec66"
      data-test-id="location-list-item"
    >
      <button
        class="_locationButton_ecec66"
      >
        Владивосток
      </button>
    </div>
    <div
      class="_locationListItem_ecec66"
      data-test-id="location-list-item"
    >
      <button
        class="_locationButton_ecec66"
      >
        Владимир
      </button>
    </div>
    <div
      class="_locationListItem_ecec66"
      data-test-id="location-list-item"
    >
      <button
        class="_locationButton_ecec66"
      >
        Волгоград
      </button>
    </div>
    <div
      class="_locationListItem_ecec66"
      data-test-id="location-list-item"
    >
      <button
        class="_locationButton_ecec66"
      >
        Волжский
      </button>
    </div>
    <div
      class="_locationListItem_ecec66"
      data-test-id="location-list-item"
    >
      <button
        class="_locationButton_ecec66"
      >
        Екатеринбург
      </button>
    </div>
    <div
      class="_locationListItem_ecec66"
      data-test-id="location-list-item"
    >
      <button
        class="_locationButton_ecec66"
      >
        Ижевск
      </button>
    </div>
    <div
      class="_locationListItem_ecec66"
      data-test-id="location-list-item"
    >
      <button
        class="_locationButton_ecec66"
      >
        Иркутск
      </button>
    </div>
    <div
      class="_locationListItem_ecec66"
      data-test-id="location-list-item"
    >
      <button
        class="_locationButton_ecec66"
      >
        Казань
      </button>
    </div>
    <div
      class="_locationListItem_ecec66"
      data-test-id="location-list-item"
    >
      <button
        class="_locationButton_ecec66"
      >
        Красноярск
      </button>
    </div>
    <div
      class="_locationListItem_ecec66"
      data-test-id="location-list-item"
    >
      <button
        class="_locationButton_ecec66"
      >
        Липецк
      </button>
    </div>
    <div
      class="_locationListItem_ecec66"
      data-test-id="location-list-item"
    >
      <button
        class="_locationButton_ecec66"
      >
        Пермь
      </button>
    </div>
    <div
      class="_locationListItem_ecec66"
      data-test-id="location-list-item"
    >
      <button
        class="_locationButton_ecec66"
      >
        Ростов-на-Дону
      </button>
    </div>
    <div
      class="_locationListItem_ecec66"
      data-test-id="location-list-item"
    >
      <button
        class="_locationButton_ecec66"
      >
        Рязань
      </button>
    </div>
    <div
      class="_locationListItem_ecec66"
      data-test-id="location-list-item"
    >
      <button
        class="_locationButton_ecec66"
      >
        Самара
      </button>
    </div>
    <div
      class="_locationListItem_ecec66"
      data-test-id="location-list-item"
    >
      <button
        class="_locationButton_ecec66"
      >
        Тамбов
      </button>
    </div>
    <div
      class="_locationListItem_ecec66"
      data-test-id="location-list-item"
    >
      <button
        class="_locationButton_ecec66"
      >
        Томск
      </button>
    </div>
    <div
      class="_locationListItem_ecec66"
      data-test-id="location-list-item"
    >
      <button
        class="_locationButton_ecec66"
      >
        Тюмень
      </button>
    </div>
    <div
      class="_locationListItem_ecec66"
      data-test-id="location-list-item"
    >
      <button
        class="_locationButton_ecec66"
      >
        Уфа
      </button>
    </div>
    <div
      class="_locationListItem_ecec66"
      data-test-id="location-list-item"
    >
      <button
        class="_locationButton_ecec66"
      >
        Челябинск
      </button>
    </div>
    <div
      class="_locationListItem_ecec66"
      data-test-id="location-list-item"
    >
      <button
        class="_locationButton_ecec66"
      >
        Ярославль
      </button>
    </div>
  </div>
</div>
`;
