// Vitest Snapshot v1, https://vitest.dev/guide/snapshot.html

exports[`UserSignInForm > should correspond default layout 1`] = `
{
  "asFragment": [Function],
  "baseElement": <body>
    <div>
      <form
        autocomplete="false"
        class="_userSignInForm_33c5b8"
        novalidate=""
      >
        <div
          class="_userSignInFormFields_33c5b8"
        >
          <h2
            class="_userSignInFormTitle_33c5b8"
          >
            Auth method
          </h2>
          <div
            class="_tabs_3f98d2 _userSignInFormTabs_33c5b8"
          >
            <div
              class="_tabsHeader_3f98d2"
            >
              <button
                class="_tabsButton_3f98d2 _tabsButtonActive_3f98d2"
                type="button"
              >
                Email
              </button>
              <button
                class="_tabsButton_3f98d2"
                type="button"
              >
                Phone
              </button>
            </div>
            <div
              class="_tabsContent_3f98d2"
            >
              <div
                class="_textInputContainer_f74981"
              >
                <div
                  class="_textInputContainerField_f74981"
                >
                  <span
                    class="_textInputFieldContainerIcon_f74981"
                  >
                    <svg
                      aria-hidden="true"
                      class="_emailInputIcon_44b28c"
                      data-slot="icon"
                      fill="currentColor"
                      viewBox="0 0 24 24"
                      xmlns="http://www.w3.org/2000/svg"
                    >
                      <path
                        clip-rule="evenodd"
                        d="M17.834 6.166a8.25 8.25 0 1 0 0 11.668.75.75 0 0 1 1.06 1.06c-3.807 3.808-9.98 3.808-13.788 0-3.808-3.807-3.808-9.98 0-13.788 3.807-3.808 9.98-3.808 13.788 0A9.722 9.722 0 0 1 21.75 12c0 .975-.296 1.887-.809 2.571-.514.685-1.28 1.179-2.191 1.179-.904 0-1.666-.487-2.18-1.164a5.25 5.25 0 1 1-.82-6.26V8.25a.75.75 0 0 1 1.5 0V12c0 .682.208 1.27.509 1.671.3.401.659.579.991.579.332 0 .69-.178.991-.579.3-.4.509-.99.509-1.671a8.222 8.222 0 0 0-2.416-5.834ZM15.75 12a3.75 3.75 0 1 0-7.5 0 3.75 3.75 0 0 0 7.5 0Z"
                        fill-rule="evenodd"
                      />
                    </svg>
                  </span>
                  <input
                    class="_textInputField_f74981"
                    id="_r_0_"
                    name="email"
                    placeholder="Email"
                    type="email"
                  />
                </div>
              </div>
            </div>
          </div>
          <input
            name="tab"
            type="hidden"
            value="Email"
          />
          <div
            class="_textInputContainer_f74981"
          >
            <div
              class="_textInputContainerField_f74981"
            >
              <span
                class="_textInputFieldContainerIcon_f74981"
              >
                <svg
                  aria-hidden="true"
                  class="_passwordInputIcon_cc37bb"
                  data-slot="icon"
                  fill="currentColor"
                  viewBox="0 0 24 24"
                  xmlns="http://www.w3.org/2000/svg"
                >
                  <path
                    clip-rule="evenodd"
                    d="M12 1.5a5.25 5.25 0 0 0-5.25 5.25v3a3 3 0 0 0-3 3v6.75a3 3 0 0 0 3 3h10.5a3 3 0 0 0 3-3v-6.75a3 3 0 0 0-3-3v-3c0-2.9-2.35-5.25-5.25-5.25Zm3.75 8.25v-3a3.75 3.75 0 1 0-7.5 0v3h7.5Z"
                    fill-rule="evenodd"
                  />
                </svg>
              </span>
              <input
                class="_textInputField_f74981"
                id="_r_1_"
                name="password"
                placeholder="Password"
                type="password"
              />
              <span
                class="_textInputFieldContainerIcon_f74981"
              >
                <button
                  class="_passwordButton_cc37bb"
                  type="button"
                >
                  <svg
                    aria-hidden="true"
                    class="_passwordInputIcon_cc37bb"
                    data-slot="icon"
                    fill="currentColor"
                    viewBox="0 0 24 24"
                    xmlns="http://www.w3.org/2000/svg"
                  >
                    <path
                      d="M3.53 2.47a.75.75 0 0 0-1.06 1.06l18 18a.75.75 0 1 0 1.06-1.06l-18-18ZM22.676 12.553a11.249 11.249 0 0 1-2.631 4.31l-3.099-3.099a5.25 5.25 0 0 0-6.71-6.71L7.759 4.577a11.217 11.217 0 0 1 4.242-.827c4.97 0 9.185 3.223 10.675 7.69.12.362.12.752 0 1.113Z"
                    />
                    <path
                      d="M15.75 12c0 .18-.013.357-.037.53l-4.244-4.243A3.75 3.75 0 0 1 15.75 12ZM12.53 15.713l-4.243-4.244a3.75 3.75 0 0 0 4.244 4.243Z"
                    />
                    <path
                      d="M6.75 12c0-.619.107-1.213.304-1.764l-3.1-3.1a11.25 11.25 0 0 0-2.63 4.31c-.12.362-.12.752 0 1.114 1.489 4.467 5.704 7.69 10.675 7.69 1.5 0 2.933-.294 4.242-.827l-2.477-2.477A5.25 5.25 0 0 1 6.75 12Z"
                    />
                  </svg>
                </button>
              </span>
            </div>
          </div>
          <div
            class="_userSignInFormActions_33c5b8"
          >
            <div
              class="_checkbox_5ec06c"
            >
              <input
                class="_checkboxInput_5ec06c"
                id="_r_2_"
                name="isPersistent"
                type="checkbox"
              />
              <label
                for="_r_2_"
              >
                Remember Me
              </label>
            </div>
            <button
              class="_userSignInFormForgotPasswordButton_33c5b8 _button_545c64"
              type="button"
            >
              Forgot Password?
            </button>
          </div>
          <button
            class="_button_545c64"
            disabled=""
            type="submit"
          >
            Login
          </button>
        </div>
        <div
          class="_userSignInFormPrivacy_33c5b8"
        >
          <p
            class="_userSignInFormPrivacyText_33c5b8"
          >
            By clicking the login button, you accept the terms of the
             
            <a
              class="_userSignInFormPrivacyLink_33c5b8"
              data-discover="true"
              href="/privacy"
            >
              User Agreement
            </a>
            .
          </p>
        </div>
      </form>
    </div>
  </body>,
  "container": <div>
    <form
      autocomplete="false"
      class="_userSignInForm_33c5b8"
      novalidate=""
    >
      <div
        class="_userSignInFormFields_33c5b8"
      >
        <h2
          class="_userSignInFormTitle_33c5b8"
        >
          Auth method
        </h2>
        <div
          class="_tabs_3f98d2 _userSignInFormTabs_33c5b8"
        >
          <div
            class="_tabsHeader_3f98d2"
          >
            <button
              class="_tabsButton_3f98d2 _tabsButtonActive_3f98d2"
              type="button"
            >
              Email
            </button>
            <button
              class="_tabsButton_3f98d2"
              type="button"
            >
              Phone
            </button>
          </div>
          <div
            class="_tabsContent_3f98d2"
          >
            <div
              class="_textInputContainer_f74981"
            >
              <div
                class="_textInputContainerField_f74981"
              >
                <span
                  class="_textInputFieldContainerIcon_f74981"
                >
                  <svg
                    aria-hidden="true"
                    class="_emailInputIcon_44b28c"
                    data-slot="icon"
                    fill="currentColor"
                    viewBox="0 0 24 24"
                    xmlns="http://www.w3.org/2000/svg"
                  >
                    <path
                      clip-rule="evenodd"
                      d="M17.834 6.166a8.25 8.25 0 1 0 0 11.668.75.75 0 0 1 1.06 1.06c-3.807 3.808-9.98 3.808-13.788 0-3.808-3.807-3.808-9.98 0-13.788 3.807-3.808 9.98-3.808 13.788 0A9.722 9.722 0 0 1 21.75 12c0 .975-.296 1.887-.809 2.571-.514.685-1.28 1.179-2.191 1.179-.904 0-1.666-.487-2.18-1.164a5.25 5.25 0 1 1-.82-6.26V8.25a.75.75 0 0 1 1.5 0V12c0 .682.208 1.27.509 1.671.3.401.659.579.991.579.332 0 .69-.178.991-.579.3-.4.509-.99.509-1.671a8.222 8.222 0 0 0-2.416-5.834ZM15.75 12a3.75 3.75 0 1 0-7.5 0 3.75 3.75 0 0 0 7.5 0Z"
                      fill-rule="evenodd"
                    />
                  </svg>
                </span>
                <input
                  class="_textInputField_f74981"
                  id="_r_0_"
                  name="email"
                  placeholder="Email"
                  type="email"
                />
              </div>
            </div>
          </div>
        </div>
        <input
          name="tab"
          type="hidden"
          value="Email"
        />
        <div
          class="_textInputContainer_f74981"
        >
          <div
            class="_textInputContainerField_f74981"
          >
            <span
              class="_textInputFieldContainerIcon_f74981"
            >
              <svg
                aria-hidden="true"
                class="_passwordInputIcon_cc37bb"
                data-slot="icon"
                fill="currentColor"
                viewBox="0 0 24 24"
                xmlns="http://www.w3.org/2000/svg"
              >
                <path
                  clip-rule="evenodd"
                  d="M12 1.5a5.25 5.25 0 0 0-5.25 5.25v3a3 3 0 0 0-3 3v6.75a3 3 0 0 0 3 3h10.5a3 3 0 0 0 3-3v-6.75a3 3 0 0 0-3-3v-3c0-2.9-2.35-5.25-5.25-5.25Zm3.75 8.25v-3a3.75 3.75 0 1 0-7.5 0v3h7.5Z"
                  fill-rule="evenodd"
                />
              </svg>
            </span>
            <input
              class="_textInputField_f74981"
              id="_r_1_"
              name="password"
              placeholder="Password"
              type="password"
            />
            <span
              class="_textInputFieldContainerIcon_f74981"
            >
              <button
                class="_passwordButton_cc37bb"
                type="button"
              >
                <svg
                  aria-hidden="true"
                  class="_passwordInputIcon_cc37bb"
                  data-slot="icon"
                  fill="currentColor"
                  viewBox="0 0 24 24"
                  xmlns="http://www.w3.org/2000/svg"
                >
                  <path
                    d="M3.53 2.47a.75.75 0 0 0-1.06 1.06l18 18a.75.75 0 1 0 1.06-1.06l-18-18ZM22.676 12.553a11.249 11.249 0 0 1-2.631 4.31l-3.099-3.099a5.25 5.25 0 0 0-6.71-6.71L7.759 4.577a11.217 11.217 0 0 1 4.242-.827c4.97 0 9.185 3.223 10.675 7.69.12.362.12.752 0 1.113Z"
                  />
                  <path
                    d="M15.75 12c0 .18-.013.357-.037.53l-4.244-4.243A3.75 3.75 0 0 1 15.75 12ZM12.53 15.713l-4.243-4.244a3.75 3.75 0 0 0 4.244 4.243Z"
                  />
                  <path
                    d="M6.75 12c0-.619.107-1.213.304-1.764l-3.1-3.1a11.25 11.25 0 0 0-2.63 4.31c-.12.362-.12.752 0 1.114 1.489 4.467 5.704 7.69 10.675 7.69 1.5 0 2.933-.294 4.242-.827l-2.477-2.477A5.25 5.25 0 0 1 6.75 12Z"
                  />
                </svg>
              </button>
            </span>
          </div>
        </div>
        <div
          class="_userSignInFormActions_33c5b8"
        >
          <div
            class="_checkbox_5ec06c"
          >
            <input
              class="_checkboxInput_5ec06c"
              id="_r_2_"
              name="isPersistent"
              type="checkbox"
            />
            <label
              for="_r_2_"
            >
              Remember Me
            </label>
          </div>
          <button
            class="_userSignInFormForgotPasswordButton_33c5b8 _button_545c64"
            type="button"
          >
            Forgot Password?
          </button>
        </div>
        <button
          class="_button_545c64"
          disabled=""
          type="submit"
        >
          Login
        </button>
      </div>
      <div
        class="_userSignInFormPrivacy_33c5b8"
      >
        <p
          class="_userSignInFormPrivacyText_33c5b8"
        >
          By clicking the login button, you accept the terms of the
           
          <a
            class="_userSignInFormPrivacyLink_33c5b8"
            data-discover="true"
            href="/privacy"
          >
            User Agreement
          </a>
          .
        </p>
      </div>
    </form>
  </div>,
  "debug": [Function],
  "findAllByAltText": [Function],
  "findAllByDisplayValue": [Function],
  "findAllByLabelText": [Function],
  "findAllByPlaceholderText": [Function],
  "findAllByRole": [Function],
  "findAllByTestId": [Function],
  "findAllByText": [Function],
  "findAllByTitle": [Function],
  "findByAltText": [Function],
  "findByDisplayValue": [Function],
  "findByLabelText": [Function],
  "findByPlaceholderText": [Function],
  "findByRole": [Function],
  "findByTestId": [Function],
  "findByText": [Function],
  "findByTitle": [Function],
  "getAllByAltText": [Function],
  "getAllByDisplayValue": [Function],
  "getAllByLabelText": [Function],
  "getAllByPlaceholderText": [Function],
  "getAllByRole": [Function],
  "getAllByTestId": [Function],
  "getAllByText": [Function],
  "getAllByTitle": [Function],
  "getByAltText": [Function],
  "getByDisplayValue": [Function],
  "getByLabelText": [Function],
  "getByPlaceholderText": [Function],
  "getByRole": [Function],
  "getByTestId": [Function],
  "getByText": [Function],
  "getByTitle": [Function],
  "queryAllByAltText": [Function],
  "queryAllByDisplayValue": [Function],
  "queryAllByLabelText": [Function],
  "queryAllByPlaceholderText": [Function],
  "queryAllByRole": [Function],
  "queryAllByTestId": [Function],
  "queryAllByText": [Function],
  "queryAllByTitle": [Function],
  "queryByAltText": [Function],
  "queryByDisplayValue": [Function],
  "queryByLabelText": [Function],
  "queryByPlaceholderText": [Function],
  "queryByRole": [Function],
  "queryByTestId": [Function],
  "queryByText": [Function],
  "queryByTitle": [Function],
  "rerender": [Function],
  "unmount": [Function],
}
`;
