// Vitest Snapshot v1, https://vitest.dev/guide/snapshot.html

exports[`Page > should correspond default layout 1`] = `
<div>
  <header
    class="_header_ede614"
  >
    <div
      class="_headerContent_ede614"
    >
      <a
        class="_logo_18636e"
        data-discover="true"
        href="/"
      >
        MOVIERAMA
      </a>
      <button
        class="_iconButton_cab355"
      >
        <span>
          location
        </span>
         
        Current Location
      </button>
      <nav
        class="_siteNavigation_36ef23"
      >
        <a
          class="_siteNavLink_e89f10"
          data-discover="true"
          data-test-id="site-nav-link"
          href="/finder"
        >
          Theaters
        </a>
        <a
          class="_siteNavLink_e89f10"
          data-discover="true"
          data-test-id="site-nav-link"
          href="/discounts"
        >
          Sale
        </a>
        <a
          class="_siteNavLink_e89f10"
          data-discover="true"
          data-test-id="site-nav-link"
          href="/kids"
        >
          Kids
        </a>
        <a
          class="_siteNavLink_e89f10"
          data-discover="true"
          data-test-id="site-nav-link"
          href="/art"
        >
          Art
        </a>
        <a
          class="_siteNavLink_e89f10"
          data-discover="true"
          data-test-id="site-nav-link"
          href="/multicard"
        >
          Multi-card
        </a>
      </nav>
      <button
        class="_iconButton_cab355"
      >
        <span>
          login
        </span>
         
      </button>
    </div>
  </header>
  <main
    class="_pageMain_2b65a4"
  />
  <footer
    class="_pageFooter_2b65a4"
  >
    <div
      class="_pageContentContainer_2b65a4 _pageContentContainerFooter_2b65a4"
    >
      <div
        class="_pageFooterLayout_2b65a4"
      >
        <a
          class="_logo_18636e"
          data-discover="true"
          href="/"
        >
          MOVIERAMA
        </a>
        <ul
          class="_socials_2b65a4"
        >
          <li
            class="_socialsItem_2b65a4"
          >
            <a
              class="_socialsItemLink_2b65a4"
              href="/"
            >
              <span>
                FB
              </span>
            </a>
          </li>
          <li
            class="_socialsItem_2b65a4"
          >
            <a
              class="_socialsItemLink_2b65a4"
              href="/"
            >
              <span>
                TW
              </span>
            </a>
          </li>
          <li
            class="_socialsItem_2b65a4"
          >
            <a
              class="_socialsItemLink_2b65a4"
              href="/"
            >
              <span>
                IS
              </span>
            </a>
          </li>
          <li
            class="_socialsItem_2b65a4"
          >
            <a
              class="_socialsItemLink_2b65a4"
              href="/"
            >
              <span>
                VK
              </span>
            </a>
          </li>
          <li
            class="_socialsItem_2b65a4"
          >
            <a
              class="_socialsItemLink_2b65a4"
              href="/"
            >
              <span>
                TG
              </span>
            </a>
          </li>
        </ul>
      </div>
      <div
        class="_pageFooterLayout_2b65a4"
      >
        <div
          class="_pageFooterClientInfo_2b65a4"
        >
          <div
            class="_pageFooterNavigationContainer_2b65a4"
          >
            <p
              class="_pageFooterNavigationTitle_2b65a4"
            >
              For Client
            </p>
            <nav
              class="_pageFooterNavigation_2b65a4"
            >
              <a
                aria-current="page"
                class="_pageFooterNavigationLink_2b65a4 active"
                data-discover="true"
                href="/"
              >
                Theaters
              </a>
              <a
                aria-current="page"
                class="_pageFooterNavigationLink_2b65a4 active"
                data-discover="true"
                href="/"
              >
                Sale
              </a>
              <a
                aria-current="page"
                class="_pageFooterNavigationLink_2b65a4 active"
                data-discover="true"
                href="/"
              >
                Kids
              </a>
              <a
                aria-current="page"
                class="_pageFooterNavigationLink_2b65a4 active"
                data-discover="true"
                href="/"
              >
                Art
              </a>
              <a
                aria-current="page"
                class="_pageFooterNavigationLink_2b65a4 active"
                data-discover="true"
                href="/"
              >
                Multi-card
              </a>
            </nav>
          </div>
          <div
            class="_pageFooterNavigationContainer_2b65a4"
          >
            <p
              class="_pageFooterNavigationTitle_2b65a4"
            >
              For Business
            </p>
            <nav
              class="_pageFooterNavigation_2b65a4"
            >
              <a
                aria-current="page"
                class="_pageFooterNavigationLink_2b65a4 active"
                data-discover="true"
                href="/"
              >
                About
              </a>
              <a
                aria-current="page"
                class="_pageFooterNavigationLink_2b65a4 active"
                data-discover="true"
                href="/"
              >
                Vacancy
              </a>
              <a
                aria-current="page"
                class="_pageFooterNavigationLink_2b65a4 active"
                data-discover="true"
                href="/"
              >
                Rent
              </a>
              <a
                aria-current="page"
                class="_pageFooterNavigationLink_2b65a4 active"
                data-discover="true"
                href="/"
              >
                Advertising in cinema
              </a>
              <a
                aria-current="page"
                class="_pageFooterNavigationLink_2b65a4 active"
                data-discover="true"
                href="/"
              >
                Press
              </a>
              <a
                aria-current="page"
                class="_pageFooterNavigationLink_2b65a4 active"
                data-discover="true"
                href="/"
              >
                Advertising on site
              </a>
            </nav>
          </div>
        </div>
        <span
          class="_pageFooterCopyright_2b65a4"
        >
          © 2022 MOVIERAMA
        </span>
      </div>
    </div>
  </footer>
</div>
`;
